Component: ARM Compiler 5.06 update 7 (build 960) Tool: armlink [4d3601]

==============================================================================

Section Cross References

    startup_stm32f40_41xxx.o(STACK) refers (Special) to heapauxi.o(.text) for __use_two_region_memory
    startup_stm32f40_41xxx.o(HEAP) refers (Special) to heapauxi.o(.text) for __use_two_region_memory
    startup_stm32f40_41xxx.o(RESET) refers (Special) to heapauxi.o(.text) for __use_two_region_memory
    startup_stm32f40_41xxx.o(RESET) refers to startup_stm32f40_41xxx.o(STACK) for __initial_sp
    startup_stm32f40_41xxx.o(RESET) refers to startup_stm32f40_41xxx.o(.text) for Reset_Handler
    startup_stm32f40_41xxx.o(RESET) refers to stm32f4xx_it.o(i.NMI_Handler) for NMI_Handler
    startup_stm32f40_41xxx.o(RESET) refers to stm32f4xx_it.o(i.HardFault_Handler) for HardFault_Handler
    startup_stm32f40_41xxx.o(RESET) refers to stm32f4xx_it.o(i.MemManage_Handler) for MemManage_Handler
    startup_stm32f40_41xxx.o(RESET) refers to stm32f4xx_it.o(i.BusFault_Handler) for BusFault_Handler
    startup_stm32f40_41xxx.o(RESET) refers to stm32f4xx_it.o(i.UsageFault_Handler) for UsageFault_Handler
    startup_stm32f40_41xxx.o(RESET) refers to stm32f4xx_it.o(i.SVC_Handler) for SVC_Handler
    startup_stm32f40_41xxx.o(RESET) refers to stm32f4xx_it.o(i.DebugMon_Handler) for DebugMon_Handler
    startup_stm32f40_41xxx.o(RESET) refers to stm32f4xx_it.o(i.PendSV_Handler) for PendSV_Handler
    startup_stm32f40_41xxx.o(RESET) refers to stm32f4xx_it.o(i.SysTick_Handler) for SysTick_Handler
    startup_stm32f40_41xxx.o(.text) refers (Special) to heapauxi.o(.text) for __use_two_region_memory
    startup_stm32f40_41xxx.o(.text) refers to system_stm32f4xx.o(i.SystemInit) for SystemInit
    startup_stm32f40_41xxx.o(.text) refers to __main.o(!!!main) for __main
    startup_stm32f40_41xxx.o(.text) refers to startup_stm32f40_41xxx.o(HEAP) for Heap_Mem
    startup_stm32f40_41xxx.o(.text) refers to startup_stm32f40_41xxx.o(STACK) for Stack_Mem
    stm32f4xx_adc.o(i.ADC_DeInit) refers to stm32f4xx_rcc.o(i.RCC_APB2PeriphResetCmd) for RCC_APB2PeriphResetCmd
    stm32f4xx_can.o(i.CAN_DeInit) refers to stm32f4xx_rcc.o(i.RCC_APB1PeriphResetCmd) for RCC_APB1PeriphResetCmd
    stm32f4xx_can.o(i.CAN_GetITStatus) refers to stm32f4xx_can.o(i.CheckITStatus) for CheckITStatus
    stm32f4xx_cryp.o(i.CRYP_DeInit) refers to stm32f4xx_rcc.o(i.RCC_AHB2PeriphResetCmd) for RCC_AHB2PeriphResetCmd
    stm32f4xx_cryp_aes.o(i.CRYP_AES_CBC) refers to stm32f4xx_cryp.o(i.CRYP_KeyStructInit) for CRYP_KeyStructInit
    stm32f4xx_cryp_aes.o(i.CRYP_AES_CBC) refers to stm32f4xx_cryp.o(i.CRYP_FIFOFlush) for CRYP_FIFOFlush
    stm32f4xx_cryp_aes.o(i.CRYP_AES_CBC) refers to stm32f4xx_cryp.o(i.CRYP_Init) for CRYP_Init
    stm32f4xx_cryp_aes.o(i.CRYP_AES_CBC) refers to stm32f4xx_cryp.o(i.CRYP_KeyInit) for CRYP_KeyInit
    stm32f4xx_cryp_aes.o(i.CRYP_AES_CBC) refers to stm32f4xx_cryp.o(i.CRYP_Cmd) for CRYP_Cmd
    stm32f4xx_cryp_aes.o(i.CRYP_AES_CBC) refers to stm32f4xx_cryp.o(i.CRYP_GetFlagStatus) for CRYP_GetFlagStatus
    stm32f4xx_cryp_aes.o(i.CRYP_AES_CBC) refers to stm32f4xx_cryp.o(i.CRYP_IVInit) for CRYP_IVInit
    stm32f4xx_cryp_aes.o(i.CRYP_AES_CBC) refers to stm32f4xx_cryp.o(i.CRYP_GetCmdStatus) for CRYP_GetCmdStatus
    stm32f4xx_cryp_aes.o(i.CRYP_AES_CBC) refers to stm32f4xx_cryp.o(i.CRYP_DataIn) for CRYP_DataIn
    stm32f4xx_cryp_aes.o(i.CRYP_AES_CBC) refers to stm32f4xx_cryp.o(i.CRYP_DataOut) for CRYP_DataOut
    stm32f4xx_cryp_aes.o(i.CRYP_AES_CCM) refers to stm32f4xx_cryp.o(i.CRYP_KeyStructInit) for CRYP_KeyStructInit
    stm32f4xx_cryp_aes.o(i.CRYP_AES_CCM) refers to stm32f4xx_cryp.o(i.CRYP_FIFOFlush) for CRYP_FIFOFlush
    stm32f4xx_cryp_aes.o(i.CRYP_AES_CCM) refers to stm32f4xx_cryp.o(i.CRYP_KeyInit) for CRYP_KeyInit
    stm32f4xx_cryp_aes.o(i.CRYP_AES_CCM) refers to stm32f4xx_cryp.o(i.CRYP_IVInit) for CRYP_IVInit
    stm32f4xx_cryp_aes.o(i.CRYP_AES_CCM) refers to stm32f4xx_cryp.o(i.CRYP_Init) for CRYP_Init
    stm32f4xx_cryp_aes.o(i.CRYP_AES_CCM) refers to stm32f4xx_cryp.o(i.CRYP_PhaseConfig) for CRYP_PhaseConfig
    stm32f4xx_cryp_aes.o(i.CRYP_AES_CCM) refers to stm32f4xx_cryp.o(i.CRYP_DataIn) for CRYP_DataIn
    stm32f4xx_cryp_aes.o(i.CRYP_AES_CCM) refers to stm32f4xx_cryp.o(i.CRYP_Cmd) for CRYP_Cmd
    stm32f4xx_cryp_aes.o(i.CRYP_AES_CCM) refers to stm32f4xx_cryp.o(i.CRYP_GetCmdStatus) for CRYP_GetCmdStatus
    stm32f4xx_cryp_aes.o(i.CRYP_AES_CCM) refers to stm32f4xx_cryp.o(i.CRYP_GetFlagStatus) for CRYP_GetFlagStatus
    stm32f4xx_cryp_aes.o(i.CRYP_AES_CCM) refers to stm32f4xx_cryp.o(i.CRYP_DataOut) for CRYP_DataOut
    stm32f4xx_cryp_aes.o(i.CRYP_AES_CTR) refers to stm32f4xx_cryp.o(i.CRYP_KeyStructInit) for CRYP_KeyStructInit
    stm32f4xx_cryp_aes.o(i.CRYP_AES_CTR) refers to stm32f4xx_cryp.o(i.CRYP_KeyInit) for CRYP_KeyInit
[...]
    Removing u8g2_d_memory.o(.bss), (1024 bytes).
    Removing u8g2_d_setup.o(i.u8g2_Setup_ssd1306_i2c_128x64_noname_f), (68 bytes).
    Removing u8g2_font.o(i.u8g2_DrawExtUTF8), (180 bytes).
    Removing u8g2_font.o(i.u8g2_DrawExtendedUTF8), (188 bytes).
    Removing u8g2_font.o(i.u8g2_DrawGlyph), (98 bytes).
    Removing u8g2_font.o(i.u8g2_DrawGlyphX2), (42 bytes).
    Removing u8g2_font.o(i.u8g2_DrawStr), (36 bytes).
    Removing u8g2_font.o(i.u8g2_DrawStrX2), (36 bytes).
    Removing u8g2_font.o(i.u8g2_DrawUTF8), (36 bytes).
    Removing u8g2_font.o(i.u8g2_DrawUTF8X2), (36 bytes).
    Removing u8g2_font.o(i.u8g2_GetFontBBXHeight), (8 bytes).
    Removing u8g2_font.o(i.u8g2_GetFontBBXOffX), (8 bytes).
    Removing u8g2_font.o(i.u8g2_GetFontBBXOffY), (8 bytes).
    Removing u8g2_font.o(i.u8g2_GetFontBBXWidth), (8 bytes).
    Removing u8g2_font.o(i.u8g2_GetFontCapitalAHeight), (8 bytes).
    Removing u8g2_font.o(i.u8g2_GetFontSize), (70 bytes).
    Removing u8g2_font.o(i.u8g2_GetGlyphHorizontalProperties), (92 bytes).
    Removing u8g2_font.o(i.u8g2_GetGlyphWidth), (72 bytes).
    Removing u8g2_font.o(i.u8g2_GetStrWidth), (24 bytes).
    Removing u8g2_font.o(i.u8g2_GetStrX), (34 bytes).
    Removing u8g2_font.o(i.u8g2_GetUTF8Width), (24 bytes).
    Removing u8g2_font.o(i.u8g2_IsAllValidUTF8), (24 bytes).
    Removing u8g2_font.o(i.u8g2_IsGlyph), (24 bytes).
    Removing u8g2_font.o(i.u8g2_SetFont), (32 bytes).
    Removing u8g2_font.o(i.u8g2_SetFontDirection), (6 bytes).
    Removing u8g2_font.o(i.u8g2_SetFontMode), (6 bytes).
    Removing u8g2_font.o(i.u8g2_SetFontPosBaseline), (12 bytes).
    Removing u8g2_font.o(i.u8g2_SetFontPosBottom), (12 bytes).
    Removing u8g2_font.o(i.u8g2_SetFontPosCenter), (12 bytes).
    Removing u8g2_font.o(i.u8g2_SetFontPosTop), (12 bytes).
    Removing u8g2_font.o(i.u8g2_SetFontRefHeightAll), (18 bytes).
    Removing u8g2_font.o(i.u8g2_SetFontRefHeightExtendedText), (18 bytes).
    Removing u8g2_font.o(i.u8g2_SetFontRefHeightText), (18 bytes).
    Removing u8g2_font.o(i.u8g2_UpdateRefHeight), (136 bytes).
    Removing u8g2_font.o(i.u8g2_add_vector_x), (42 bytes).
    Removing u8g2_font.o(i.u8g2_add_vector_y), (42 bytes).
    Removing u8g2_font.o(i.u8g2_draw_string), (144 bytes).
    Removing u8g2_font.o(i.u8g2_draw_string_2x), (94 bytes).
    Removing u8g2_font.o(i.u8g2_font_2x_decode_glyph), (246 bytes).
    Removing u8g2_font.o(i.u8g2_font_2x_decode_len), (212 bytes).
    Removing u8g2_font.o(i.u8g2_font_2x_draw_glyph), (58 bytes).
    Removing u8g2_font.o(i.u8g2_font_calc_vref_bottom), (10 bytes).
    Removing u8g2_font.o(i.u8g2_font_calc_vref_center), (32 bytes).
    Removing u8g2_font.o(i.u8g2_font_calc_vref_font), (6 bytes).
    Removing u8g2_font.o(i.u8g2_font_calc_vref_top), (14 bytes).
    Removing u8g2_font.o(i.u8g2_font_decode_get_signed_bits), (36 bytes).
    Removing u8g2_font.o(i.u8g2_font_decode_get_unsigned_bits), (66 bytes).
    Removing u8g2_font.o(i.u8g2_font_decode_glyph), (386 bytes).
    Removing u8g2_font.o(i.u8g2_font_decode_len), (176 bytes).
    Removing u8g2_font.o(i.u8g2_font_draw_glyph), (58 bytes).
    Removing u8g2_font.o(i.u8g2_font_get_byte), (8 bytes).
    Removing u8g2_font.o(i.u8g2_font_get_glyph_data), (146 bytes).
    Removing u8g2_font.o(i.u8g2_font_get_word), (24 bytes).
    Removing u8g2_font.o(i.u8g2_font_setup_decode), (64 bytes).
    Removing u8g2_font.o(i.u8g2_is_all_valid), (64 bytes).
    Removing u8g2_font.o(i.u8g2_read_font_info), (224 bytes).
    Removing u8g2_font.o(i.u8g2_string_width), (138 bytes).
    Removing u8g2_fonts.o(.constdata), (46033 bytes).
    Removing u8g2_hvline.o(i.u8g2_DrawHLine), (28 bytes).
    Removing u8g2_hvline.o(i.u8g2_DrawHVLine), (220 bytes).
    Removing u8g2_hvline.o(i.u8g2_DrawPixel), (68 bytes).
    Removing u8g2_hvline.o(i.u8g2_DrawVLine), (28 bytes).
    Removing u8g2_hvline.o(i.u8g2_SetDrawColor), (16 bytes).
    Removing u8g2_hvline.o(i.u8g2_clip_intersection2), (76 bytes).
    Removing u8g2_hvline.o(i.u8g2_draw_hv_line_2dir), (44 bytes).
    Removing u8g2_input_value.o(i.u8g2_UserInterfaceInputValue), (392 bytes).
    Removing u8g2_intersection.o(i.u8g2_IsIntersection), (58 bytes).
    Removing u8g2_intersection.o(i.u8g2_is_intersection_decision_tree), (48 bytes).
    Removing u8g2_kerning.o(i.u8g2_GetKerning), (112 bytes).
    Removing u8g2_kerning.o(i.u8g2_GetKerningByTable), (68 bytes).
    Removing u8g2_line.o(i.u8g2_DrawLine), (214 bytes).
    Removing u8g2_ll_hvline.o(i.u8g2_ll_hvline_horizontal_right_lsb), (190 bytes).
    Removing u8g2_ll_hvline.o(i.u8g2_ll_hvline_vertical_top_lsb), (238 bytes).
    Removing u8g2_message.o(i.u8g2_UserInterfaceMessage), (368 bytes).
    Removing u8g2_message.o(i.u8g2_draw_button_line), (190 bytes).
    Removing u8g2_polygon.o(i.pg_AddPolygonXY), (28 bytes).
    Removing u8g2_polygon.o(i.pg_ClearPolygonXY), (6 bytes).
    Removing u8g2_polygon.o(i.pg_DrawPolygon), (28 bytes).
    Removing u8g2_polygon.o(i.pg_dec), (22 bytes).
    Removing u8g2_polygon.o(i.pg_exec), (110 bytes).
    Removing u8g2_polygon.o(i.pg_expand_min_y), (84 bytes).
    Removing u8g2_polygon.o(i.pg_hline), (164 bytes).
    Removing u8g2_polygon.o(i.pg_inc), (18 bytes).
    Removing u8g2_polygon.o(i.pg_line_init), (78 bytes).
    Removing u8g2_polygon.o(i.pg_prepare), (192 bytes).
    Removing u8g2_polygon.o(i.pge_Init), (90 bytes).
    Removing u8g2_polygon.o(i.pge_Next), (78 bytes).
    Removing u8g2_polygon.o(i.u8g2_AddPolygonXY), (24 bytes).
    Removing u8g2_polygon.o(i.u8g2_ClearPolygonXY), (16 bytes).
    Removing u8g2_polygon.o(i.u8g2_DrawPolygon), (20 bytes).
    Removing u8g2_polygon.o(i.u8g2_DrawTriangle), (64 bytes).
    Removing u8g2_polygon.o(.bss), (76 bytes).
    Removing u8g2_selection_list.o(i.u8g2_DrawSelectionList), (52 bytes).
    Removing u8g2_selection_list.o(i.u8g2_DrawUTF8Line), (232 bytes).
    Removing u8g2_selection_list.o(i.u8g2_DrawUTF8Lines), (88 bytes).
    Removing u8g2_selection_list.o(i.u8g2_UserInterfaceSelectionList), (352 bytes).
    Removing u8g2_selection_list.o(i.u8g2_draw_selection_list_line), (96 bytes).
    Removing u8g2_setup.o(i.u8g2_SendF), (30 bytes).
    Removing u8g2_setup.o(i.u8g2_SetClipWindow), (42 bytes).
    Removing u8g2_setup.o(i.u8g2_SetDisplayRotation), (26 bytes).
    Removing u8g2_setup.o(i.u8g2_SetMaxClipWindow), (32 bytes).
    Removing u8g2_setup.o(i.u8g2_SetupBuffer), (90 bytes).
    Removing u8g2_setup.o(i.u8g2_Setup_null), (56 bytes).
    Removing u8g2_setup.o(i.u8g2_apply_clip_window), (122 bytes).
    Removing u8g2_setup.o(i.u8g2_draw_l90_mirrorr_r0), (60 bytes).
    Removing u8g2_setup.o(i.u8g2_draw_l90_r0), (36 bytes).
    Removing u8g2_setup.o(i.u8g2_draw_l90_r1), (68 bytes).
    Removing u8g2_setup.o(i.u8g2_draw_l90_r2), (86 bytes).
    Removing u8g2_setup.o(i.u8g2_draw_l90_r3), (80 bytes).
    Removing u8g2_setup.o(i.u8g2_draw_mirror_vertical_r0), (60 bytes).
    Removing u8g2_setup.o(i.u8g2_update_dimension_common), (96 bytes).
    Removing u8g2_setup.o(i.u8g2_update_dimension_r0), (12 bytes).
    Removing u8g2_setup.o(i.u8g2_update_dimension_r1), (28 bytes).
    Removing u8g2_setup.o(i.u8g2_update_dimension_r2), (12 bytes).
    Removing u8g2_setup.o(i.u8g2_update_dimension_r3), (28 bytes).
    Removing u8g2_setup.o(i.u8g2_update_page_win_r0), (32 bytes).
    Removing u8g2_setup.o(i.u8g2_update_page_win_r1), (32 bytes).
    Removing u8g2_setup.o(i.u8g2_update_page_win_r2), (60 bytes).
    Removing u8g2_setup.o(i.u8g2_update_page_win_r3), (60 bytes).
    Removing u8g2_setup.o(.constdata), (72 bytes).
    Removing u8g2_setup.o(.data), (8 bytes).
    Removing u8log.o(i.u8log_Init), (36 bytes).
    Removing u8log.o(i.u8log_SetCallback), (6 bytes).
    Removing u8log.o(i.u8log_SetLineHeightOffset), (4 bytes).
    Removing u8log.o(i.u8log_SetRedrawMode), (4 bytes).
    Removing u8log.o(i.u8log_WriteChar), (40 bytes).
    Removing u8log.o(i.u8log_WriteDec16), (32 bytes).
    Removing u8log.o(i.u8log_WriteDec8), (32 bytes).
    Removing u8log.o(i.u8log_WriteHex16), (24 bytes).
    Removing u8log.o(i.u8log_WriteHex32), (24 bytes).
    Removing u8log.o(i.u8log_WriteHex8), (24 bytes).
    Removing u8log.o(i.u8log_WriteHexHalfByte), (42 bytes).
    Removing u8log.o(i.u8log_WriteString), (26 bytes).
    Removing u8log.o(i.u8log_clear_screen), (30 bytes).
    Removing u8log.o(i.u8log_cursor_on_screen), (46 bytes).
    Removing u8log.o(i.u8log_scroll_up), (72 bytes).
    Removing u8log.o(i.u8log_write_char), (114 bytes).
    Removing u8log.o(i.u8log_write_to_screen), (46 bytes).
    Removing u8log_u8g2.o(i.u8g2_DrawLog), (114 bytes).
    Removing u8log_u8g2.o(i.u8log_u8g2_cb), (50 bytes).
    Removing u8log_u8x8.o(i.u8log_u8x8_cb), (44 bytes).
    Removing u8log_u8x8.o(i.u8x8_DrawLog), (48 bytes).
    Removing u8log_u8x8.o(i.u8x8_DrawLogLine), (60 bytes).
    Removing u8x8_8x8.o(i.u8x8_Draw1x2Glyph), (96 bytes).
    Removing u8x8_8x8.o(i.u8x8_Draw1x2String), (36 bytes).
    Removing u8x8_8x8.o(i.u8x8_Draw1x2UTF8), (36 bytes).
    Removing u8x8_8x8.o(i.u8x8_Draw2x2Glyph), (104 bytes).
    Removing u8x8_8x8.o(i.u8x8_Draw2x2String), (36 bytes).
    Removing u8x8_8x8.o(i.u8x8_Draw2x2UTF8), (36 bytes).
    Removing u8x8_8x8.o(i.u8x8_DrawGlyph), (106 bytes).
    Removing u8x8_8x8.o(i.u8x8_DrawString), (36 bytes).
    Removing u8x8_8x8.o(i.u8x8_DrawUTF8), (36 bytes).
    Removing u8x8_8x8.o(i.u8x8_GetUTF8Len), (58 bytes).
    Removing u8x8_8x8.o(i.u8x8_SetFont), (4 bytes).
    Removing u8x8_8x8.o(i.u8x8_ascii_next), (18 bytes).
    Removing u8x8_8x8.o(i.u8x8_draw_1x2_string), (96 bytes).
    Removing u8x8_8x8.o(i.u8x8_draw_1x2_subglyph), (102 bytes).
    Removing u8x8_8x8.o(i.u8x8_draw_2x2_string), (104 bytes).
    Removing u8x8_8x8.o(i.u8x8_draw_2x2_subglyph), (172 bytes).
    Removing u8x8_8x8.o(i.u8x8_draw_string), (96 bytes).
    Removing u8x8_8x8.o(i.u8x8_get_glyph_data), (202 bytes).
    Removing u8x8_8x8.o(i.u8x8_upscale_buf), (28 bytes).
    Removing u8x8_8x8.o(i.u8x8_upscale_byte), (42 bytes).
    Removing u8x8_8x8.o(i.u8x8_utf8_init), (8 bytes).
    Removing u8x8_8x8.o(i.u8x8_utf8_next), (156 bytes).
    Removing u8x8_byte.o(i.i2c_clear_scl), (16 bytes).
    Removing u8x8_byte.o(i.i2c_clear_sda), (16 bytes).
    Removing u8x8_byte.o(i.i2c_delay), (18 bytes).
    Removing u8x8_byte.o(i.i2c_init), (32 bytes).
    Removing u8x8_byte.o(i.i2c_read_bit), (42 bytes).
    Removing u8x8_byte.o(i.i2c_read_scl_and_delay), (22 bytes).
    Removing u8x8_byte.o(i.i2c_read_sda), (16 bytes).
    Removing u8x8_byte.o(i.i2c_start), (60 bytes).
    Removing u8x8_byte.o(i.i2c_stop), (42 bytes).
    Removing u8x8_byte.o(i.i2c_write_bit), (42 bytes).
    Removing u8x8_byte.o(i.i2c_write_byte), (94 bytes).
    Removing u8x8_byte.o(i.u8x8_byte_3wire_sw_spi), (304 bytes).
    Removing u8x8_byte.o(i.u8x8_byte_4wire_sw_spi), (288 bytes).
    Removing u8x8_byte.o(i.u8x8_byte_8bit_6800mode), (248 bytes).
    Removing u8x8_byte.o(i.u8x8_byte_8bit_8080mode), (248 bytes).
    Removing u8x8_byte.o(i.u8x8_byte_EndTransfer), (18 bytes).
    Removing u8x8_byte.o(i.u8x8_byte_SendByte), (16 bytes).
    Removing u8x8_byte.o(i.u8x8_byte_SendBytes), (26 bytes).
    Removing u8x8_byte.o(i.u8x8_byte_SetDC), (20 bytes).
    Removing u8x8_byte.o(i.u8x8_byte_StartTransfer), (18 bytes).
    Removing u8x8_byte.o(i.u8x8_byte_empty), (46 bytes).
    Removing u8x8_byte.o(i.u8x8_byte_ks0108), (240 bytes).
    Removing u8x8_byte.o(i.u8x8_byte_sed1520), (240 bytes).
    Removing u8x8_byte.o(i.u8x8_byte_set_ks0108_cs), (48 bytes).
    Removing u8x8_byte.o(i.u8x8_byte_sw_i2c), (110 bytes).
    Removing u8x8_byte.o(.data), (2 bytes).
    Removing u8x8_cad.o(i.u8x8_SendF), (30 bytes).
    Removing u8x8_cad.o(i.u8x8_cad_001), (108 bytes).
    Removing u8x8_cad.o(i.u8x8_cad_011), (108 bytes).
    Removing u8x8_cad.o(i.u8x8_cad_100), (108 bytes).
    Removing u8x8_cad.o(i.u8x8_cad_110), (108 bytes).
    Removing u8x8_cad.o(i.u8x8_cad_EndTransfer), (18 bytes).
    Removing u8x8_cad.o(i.u8x8_cad_SendArg), (20 bytes).
    Removing u8x8_cad.o(i.u8x8_cad_SendCmd), (20 bytes).
    Removing u8x8_cad.o(i.u8x8_cad_SendData), (26 bytes).
    Removing u8x8_cad.o(i.u8x8_cad_SendMultipleArg), (38 bytes).
    Removing u8x8_cad.o(i.u8x8_cad_SendSequence), (124 bytes).
    Removing u8x8_cad.o(i.u8x8_cad_StartTransfer), (18 bytes).
    Removing u8x8_cad.o(i.u8x8_cad_empty), (84 bytes).
    Removing u8x8_cad.o(i.u8x8_cad_ld7032_i2c), (208 bytes).
    Removing u8x8_cad.o(i.u8x8_cad_ssd13xx_fast_i2c), (212 bytes).
    Removing u8x8_cad.o(i.u8x8_cad_ssd13xx_i2c), (146 bytes).
    Removing u8x8_cad.o(i.u8x8_cad_st75256_i2c), (174 bytes).
    Removing u8x8_cad.o(i.u8x8_cad_st7920_spi), (288 bytes).
    Removing u8x8_cad.o(i.u8x8_cad_uc1638_i2c), (396 bytes).
    Removing u8x8_cad.o(i.u8x8_cad_uc16xx_i2c), (308 bytes).
    Removing u8x8_cad.o(i.u8x8_cad_vsendf), (100 bytes).
    Removing u8x8_cad.o(i.u8x8_gu800_cad_110), (166 bytes).
    Removing u8x8_cad.o(i.u8x8_i2c_data_transfer), (46 bytes).
    Removing u8x8_cad.o(.bss), (16 bytes).
    Removing u8x8_cad.o(.data), (6 bytes).
    Removing u8x8_capture.o(i.u8x8_capture_get_pixel_1), (44 bytes).
    Removing u8x8_capture.o(i.u8x8_capture_get_pixel_2), (38 bytes).
    Removing u8x8_capture.o(i.u8x8_capture_write_pbm_buffer), (100 bytes).
    Removing u8x8_capture.o(i.u8x8_capture_write_pbm_pre), (56 bytes).
    Removing u8x8_capture.o(i.u8x8_capture_write_xbm_buffer), (268 bytes).
    Removing u8x8_capture.o(i.u8x8_capture_write_xbm_pre), (140 bytes).
    Removing u8x8_d_ssd1306_128x64_noname.o(i.u8x8_d_sh1106_128x64_noname), (84 bytes).
    Removing u8x8_d_ssd1306_128x64_noname.o(i.u8x8_d_sh1106_128x64_vcomh0), (84 bytes).
    Removing u8x8_d_ssd1306_128x64_noname.o(i.u8x8_d_sh1106_128x64_winstar), (84 bytes).
    Removing u8x8_d_ssd1306_128x64_noname.o(i.u8x8_d_ssd1306_128x64_alt0), (84 bytes).
    Removing u8x8_d_ssd1306_128x64_noname.o(i.u8x8_d_ssd1306_128x64_noname), (84 bytes).
    Removing u8x8_d_ssd1306_128x64_noname.o(i.u8x8_d_ssd1306_128x64_vcomh0), (84 bytes).
    Removing u8x8_d_ssd1306_128x64_noname.o(i.u8x8_d_ssd1306_sh1106_generic), (260 bytes).
    Removing u8x8_d_ssd1306_128x64_noname.o(i.u8x8_d_ssd1312_128x64_noname), (132 bytes).
    Removing u8x8_d_ssd1306_128x64_noname.o(.constdata), (344 bytes).
    Removing u8x8_debounce.o(i.u8x8_GetMenuEvent), (150 bytes).
    Removing u8x8_debounce.o(i.u8x8_find_first_diff), (44 bytes).
    Removing u8x8_debounce.o(i.u8x8_read_pin_state), (56 bytes).
    Removing u8x8_display.o(i.u8x8_ClearDisplay), (20 bytes).
    Removing u8x8_display.o(i.u8x8_ClearDisplayWithTile), (72 bytes).
    Removing u8x8_display.o(i.u8x8_ClearLine), (56 bytes).
    Removing u8x8_display.o(i.u8x8_DrawTile), (50 bytes).
    Removing u8x8_display.o(i.u8x8_FillDisplay), (32 bytes).
    Removing u8x8_display.o(i.u8x8_InitDisplay), (18 bytes).
    Removing u8x8_display.o(i.u8x8_InitInterface), (30 bytes).
    Removing u8x8_display.o(i.u8x8_RefreshDisplay), (18 bytes).
    Removing u8x8_display.o(i.u8x8_SetContrast), (20 bytes).
    Removing u8x8_display.o(i.u8x8_SetFlipMode), (20 bytes).
    Removing u8x8_display.o(i.u8x8_SetPowerSave), (20 bytes).
    Removing u8x8_display.o(i.u8x8_SetupMemory), (18 bytes).
    Removing u8x8_display.o(i.u8x8_d_helper_display_init), (96 bytes).
    Removing u8x8_display.o(i.u8x8_d_helper_display_setup_memory), (12 bytes).
    Removing u8x8_fonts.o(.constdata), (487478 bytes).
    Removing u8x8_gpio.o(i.u8x8_gpio_call), (26 bytes).
    Removing u8x8_input_value.o(i.u8x8_UserInterfaceInputValue), (372 bytes).
    Removing u8x8_message.o(i.u8x8_UserInterfaceMessage), (298 bytes).
    Removing u8x8_message.o(i.u8x8_draw_button_line), (188 bytes).
    Removing u8x8_selection_list.o(i.u8sl_Next), (48 bytes).
    Removing u8x8_selection_list.o(i.u8sl_Prev), (52 bytes).
    Removing u8x8_selection_list.o(i.u8x8_DrawSelectionList), (44 bytes).
    Removing u8x8_selection_list.o(i.u8x8_UserInterfaceSelectionList), (244 bytes).
    Removing u8x8_selection_list.o(i.u8x8_sl_string_line_cb), (100 bytes).
    Removing u8x8_setup.o(i.u8x8_Setup), (42 bytes).
    Removing u8x8_setup.o(i.u8x8_SetupDefaults), (44 bytes).
    Removing u8x8_setup.o(i.u8x8_d_null_cb), (52 bytes).
    Removing u8x8_setup.o(i.u8x8_dummy_cb), (8 bytes).
    Removing u8x8_setup.o(.constdata), (24 bytes).
    Removing u8x8_string.o(i.u8x8_CopyStringLine), (58 bytes).
    Removing u8x8_string.o(i.u8x8_DrawUTF8Line), (136 bytes).
    Removing u8x8_string.o(i.u8x8_DrawUTF8Lines), (68 bytes).
    Removing u8x8_string.o(i.u8x8_GetStringLineCnt), (36 bytes).
    Removing u8x8_string.o(i.u8x8_GetStringLineStart), (46 bytes).
    Removing u8x8_u8toa.o(i.u8x8_u8toa), (28 bytes).
    Removing u8x8_u8toa.o(i.u8x8_u8toap), (48 bytes).
    Removing u8x8_u8toa.o(.constdata), (3 bytes).
    Removing u8x8_u8toa.o(.data), (4 bytes).
    Removing u8x8_u16toa.o(i.u8x8_u16toa), (28 bytes).
    Removing u8x8_u16toa.o(i.u8x8_u16toap), (50 bytes).
    Removing u8x8_u16toa.o(i.u8x8_utoa), (34 bytes).
    Removing u8x8_u16toa.o(.data), (6 bytes).
    Removing oled.o(.rev16_text), (4 bytes).
    Removing oled.o(.revsh_text), (4 bytes).
    Removing oled.o(.rrx_text), (6 bytes).
    Removing oled.o(i.draw), (196 bytes).
    Removing oled.o(i.u8g2Init), (56 bytes).
    Removing oled.o(i.u8g2_gpio_init), (64 bytes).
    Removing oled.o(i.u8x8_stm32_gpio_and_delay), (124 bytes).
    Removing led.o(.rev16_text), (4 bytes).
    Removing led.o(.revsh_text), (4 bytes).
    Removing led.o(.rrx_text), (6 bytes).
    Removing key.o(.rev16_text), (4 bytes).
    Removing key.o(.revsh_text), (4 bytes).
    Removing key.o(.rrx_text), (6 bytes).
    Removing key.o(i.key_init), (52 bytes).
    Removing key.o(i.read_radled_level), (20 bytes).

1282 unused section(s) (total 606718 bytes) removed from the image.

==============================================================================

Image Symbol Table

    Local Symbols

    Symbol Name                              Value     Ov Type        Size  Object(Section)

    ../clib/angel/boardlib.s                 0x00000000   Number         0  boardinit3.o ABSOLUTE
    ../clib/angel/boardlib.s                 0x00000000   Number         0  boardinit2.o ABSOLUTE
    ../clib/angel/boardlib.s                 0x00000000   Number         0  boardinit1.o ABSOLUTE
    ../clib/angel/boardlib.s                 0x00000000   Number         0  boardshut.o ABSOLUTE
    ../clib/angel/handlers.s                 0x00000000   Number         0  __scatter_copy.o ABSOLUTE
    ../clib/angel/handlers.s                 0x00000000   Number         0  __scatter_zi.o ABSOLUTE
    ../clib/angel/kernel.s                   0x00000000   Number         0  rtexit.o ABSOLUTE
    ../clib/angel/kernel.s                   0x00000000   Number         0  __rtentry.o ABSOLUTE
    ../clib/angel/kernel.s                   0x00000000   Number         0  __rtentry4.o ABSOLUTE
    ../clib/angel/kernel.s                   0x00000000   Number         0  __rtentry2.o ABSOLUTE
    ../clib/angel/kernel.s                   0x00000000   Number         0  rtexit2.o ABSOLUTE
    ../clib/angel/rt.s                       0x00000000   Number         0  rt_heap_descriptor_intlibspace.o ABSOLUTE
    ../clib/angel/rt.s                       0x00000000   Number         0  rt_raise.o ABSOLUTE
    ../clib/angel/rt.s                       0x00000000   Number         0  rt_heap_descriptor.o ABSOLUTE
    ../clib/angel/scatter.s                  0x00000000   Number         0  __scatter.o ABSOLUTE
    ../clib/angel/startup.s                  0x00000000   Number         0  __main.o ABSOLUTE
    ../clib/angel/sys.s                      0x00000000   Number         0  libspace.o ABSOLUTE
    ../clib/angel/sys.s                      0x00000000   Number         0  sys_stackheap_outer.o ABSOLUTE
    ../clib/angel/sys.s                      0x00000000   Number         0  indicate_semi.o ABSOLUTE
    ../clib/angel/sys.s                      0x00000000   Number         0  use_no_semi.o ABSOLUTE
    ../clib/angel/sys.s                      0x00000000   Number         0  mutex_dummy.o ABSOLUTE
    ../clib/angel/sysapp.c                   0x00000000   Number         0  sys_exit.o ABSOLUTE
    ../clib/angel/sysapp.c                   0x00000000   Number         0  sys_command.o ABSOLUTE
    ../clib/angel/sysapp.c                   0x00000000   Number         0  sys_wrch.o ABSOLUTE
    ../clib/armsys.c                         0x00000000   Number         0  _get_argv_nomalloc.o ABSOLUTE
    ../clib/armsys.c                         0x00000000   Number         0  _get_argv.o ABSOLUTE
    ../clib/armsys.c                         0x00000000   Number         0  no_argv.o ABSOLUTE
    ../clib/armsys.c                         0x00000000   Number         0  argv_veneer.o ABSOLUTE
    ../clib/armsys.c                         0x00000000   Number         0  argv_veneer.o ABSOLUTE
    ../clib/heap1.c                          0x00000000   Number         0  h1_extend.o ABSOLUTE
    ../clib/heap1.c                          0x00000000   Number         0  h1_init.o ABSOLUTE
    ../clib/heap1.c                          0x00000000   Number         0  h1_alloc.o ABSOLUTE
    ../clib/heap1.c                          0x00000000   Number         0  h1_init_mt.o ABSOLUTE
    ../clib/heap1.c                          0x00000000   Number         0  h1_free_mt.o ABSOLUTE
    ../clib/heap1.c                          0x00000000   Number         0  h1_extend_mt.o ABSOLUTE
    ../clib/heap1.c                          0x00000000   Number         0  h1_free.o ABSOLUTE
    ../clib/heap1.c                          0x00000000   Number         0  h1_final_mt.o ABSOLUTE
    ../clib/heap1.c                          0x00000000   Number         0  h1_final.o ABSOLUTE
    ../clib/heap1.c                          0x00000000   Number         0  h1_alloc_mt.o ABSOLUTE
    ../clib/heap2.c                          0x00000000   Number         0  heap2mt.o ABSOLUTE
    ../clib/heap2.c                          0x00000000   Number         0  heap2.o ABSOLUTE
    ../clib/heap2.c                          0x00000000   Number         0  fdtree.o ABSOLUTE
    ../clib/heapalloc.c                      0x00000000   Number         0  term_alloc.o ABSOLUTE
    ../clib/heapalloc.c                      0x00000000   Number         0  malloc.o ABSOLUTE
    ../clib/heapalloc.c                      0x00000000   Number         0  maybetermalloc2.o ABSOLUTE
    ../clib/heapalloc.c                      0x00000000   Number         0  maybetermalloc2.o ABSOLUTE
    ../clib/heapalloc.c                      0x00000000   Number         0  maybetermalloc1.o ABSOLUTE
    ../clib/heapalloc.c                      0x00000000   Number         0  maybetermalloc1.o ABSOLUTE
    ../clib/heapalloc.c                      0x00000000   Number         0  hrguard.o ABSOLUTE
    ../clib/heapalloc.c                      0x00000000   Number         0  hguard.o ABSOLUTE
    ../clib/heapalloc.c                      0x00000000   Number         0  init_alloc.o ABSOLUTE
    ../clib/heapalloc.c                      0x00000000   Number         0  free.o ABSOLUTE
    ../clib/heapalloc.c                      0x00000000   Number         0  heapstubs.o ABSOLUTE
    ../clib/heapaux.c                        0x00000000   Number         0  heapauxi.o ABSOLUTE
    ../clib/heapaux.c                        0x00000000   Number         0  heapauxa.o ABSOLUTE
    ../clib/libinit.s                        0x00000000   Number         0  libshutdown.o ABSOLUTE
    ../clib/libinit.s                        0x00000000   Number         0  libinit.o ABSOLUTE
    ../clib/libinit.s                        0x00000000   Number         0  libinit2.o ABSOLUTE
    ../clib/libinit.s                        0x00000000   Number         0  libshutdown2.o ABSOLUTE
    ../clib/memcpset.s                       0x00000000   Number         0  rt_memcpy_w.o ABSOLUTE
    ../clib/memcpset.s                       0x00000000   Number         0  rt_memclr.o ABSOLUTE
    ../clib/memcpset.s                       0x00000000   Number         0  rt_memclr_w.o ABSOLUTE
    ../clib/signal.c                         0x00000000   Number         0  defsig_rtmem_inner.o ABSOLUTE
    ../clib/signal.c                         0x00000000   Number         0  defsig_abrt_inner.o ABSOLUTE
    ../clib/signal.c                         0x00000000   Number         0  defsig_rtmem_formal.o ABSOLUTE
    ../clib/signal.c                         0x00000000   Number         0  __raise.o ABSOLUTE
    ../clib/signal.c                         0x00000000   Number         0  defsig_general.o ABSOLUTE
    ../clib/signal.c                         0x00000000   Number         0  defsig_rtmem_outer.o ABSOLUTE
    ../clib/signal.c                         0x00000000   Number         0  defsig_segv_inner.o ABSOLUTE
    ../clib/signal.c                         0x00000000   Number         0  defsig_cppl_inner.o ABSOLUTE
    ../clib/signal.c                         0x00000000   Number         0  defsig_pvfn_inner.o ABSOLUTE
    ../clib/signal.c                         0x00000000   Number         0  defsig_rtred_inner.o ABSOLUTE
    ../clib/signal.c                         0x00000000   Number         0  defsig_stak_inner.o ABSOLUTE
    ../clib/signal.c                         0x00000000   Number         0  defsig_exit.o ABSOLUTE
    ../clib/signal.c                         0x00000000   Number         0  defsig_other.o ABSOLUTE
    ../clib/signal.c                         0x00000000   Number         0  defsig_fpe_inner.o ABSOLUTE
    ../clib/signal.s                         0x00000000   Number         0  defsig.o ABSOLUTE
    ../clib/stdlib.c                         0x00000000   Number         0  exit.o ABSOLUTE
    ../fplib/fpinit.s                        0x00000000   Number         0  fpinit.o ABSOLUTE
    core\startup_stm32f40_41xxx.s            0x00000000   Number         0  startup_stm32f40_41xxx.o ABSOLUTE
    dc.s                                     0x00000000   Number         0  dc.o ABSOLUTE
    lib\\src\\misc.c                         0x00000000   Number         0  misc.o ABSOLUTE
    lib\\src\\stm32f4xx_adc.c                0x00000000   Number         0  stm32f4xx_adc.o ABSOLUTE
    lib\\src\\stm32f4xx_can.c                0x00000000   Number         0  stm32f4xx_can.o ABSOLUTE
    lib\\src\\stm32f4xx_cec.c                0x00000000   Number         0  stm32f4xx_cec.o ABSOLUTE
    lib\\src\\stm32f4xx_crc.c                0x00000000   Number         0  stm32f4xx_crc.o ABSOLUTE
    lib\\src\\stm32f4xx_cryp.c               0x00000000   Number         0  stm32f4xx_cryp.o ABSOLUTE
    lib\\src\\stm32f4xx_cryp_aes.c           0x00000000   Number         0  stm32f4xx_cryp_aes.o ABSOLUTE
    lib\\src\\stm32f4xx_cryp_des.c           0x00000000   Number         0  stm32f4xx_cryp_des.o ABSOLUTE
    lib\\src\\stm32f4xx_cryp_tdes.c          0x00000000   Number         0  stm32f4xx_cryp_tdes.o ABSOLUTE
    lib\\src\\stm32f4xx_dac.c                0x00000000   Number         0  stm32f4xx_dac.o ABSOLUTE
    lib\\src\\stm32f4xx_dbgmcu.c             0x00000000   Number         0  stm32f4xx_dbgmcu.o ABSOLUTE
    lib\\src\\stm32f4xx_dcmi.c               0x00000000   Number         0  stm32f4xx_dcmi.o ABSOLUTE
    lib\\src\\stm32f4xx_dfsdm.c              0x00000000   Number         0  stm32f4xx_dfsdm.o ABSOLUTE
    lib\\src\\stm32f4xx_dma.c                0x00000000   Number         0  stm32f4xx_dma.o ABSOLUTE
    lib\\src\\stm32f4xx_dma2d.c              0x00000000   Number         0  stm32f4xx_dma2d.o ABSOLUTE
    lib\\src\\stm32f4xx_dsi.c                0x00000000   Number         0  stm32f4xx_dsi.o ABSOLUTE
    lib\\src\\stm32f4xx_exti.c               0x00000000   Number         0  stm32f4xx_exti.o ABSOLUTE
    lib\\src\\stm32f4xx_flash.c              0x00000000   Number         0  stm32f4xx_flash.o ABSOLUTE
    lib\\src\\stm32f4xx_flash_ramfunc.c      0x00000000   Number         0  stm32f4xx_flash_ramfunc.o ABSOLUTE
    lib\\src\\stm32f4xx_fmpi2c.c             0x00000000   Number         0  stm32f4xx_fmpi2c.o ABSOLUTE
    lib\\src\\stm32f4xx_fsmc.c               0x00000000   Number         0  stm32f4xx_fsmc.o ABSOLUTE
    lib\\src\\stm32f4xx_gpio.c               0x00000000   Number         0  stm32f4xx_gpio.o ABSOLUTE
    lib\\src\\stm32f4xx_hash.c               0x00000000   Number         0  stm32f4xx_hash.o ABSOLUTE
    lib\\src\\stm32f4xx_hash_md5.c           0x00000000   Number         0  stm32f4xx_hash_md5.o ABSOLUTE
    lib\\src\\stm32f4xx_hash_sha1.c          0x00000000   Number         0  stm32f4xx_hash_sha1.o ABSOLUTE
    lib\\src\\stm32f4xx_i2c.c                0x00000000   Number         0  stm32f4xx_i2c.o ABSOLUTE
    lib\\src\\stm32f4xx_iwdg.c               0x00000000   Number         0  stm32f4xx_iwdg.o ABSOLUTE
    lib\\src\\stm32f4xx_lptim.c              0x00000000   Number         0  stm32f4xx_lptim.o ABSOLUTE
    lib\\src\\stm32f4xx_ltdc.c               0x00000000   Number         0  stm32f4xx_ltdc.o ABSOLUTE
    lib\\src\\stm32f4xx_pwr.c                0x00000000   Number         0  stm32f4xx_pwr.o ABSOLUTE
    lib\\src\\stm32f4xx_qspi.c               0x00000000   Number         0  stm32f4xx_qspi.o ABSOLUTE
    lib\\src\\stm32f4xx_rcc.c                0x00000000   Number         0  stm32f4xx_rcc.o ABSOLUTE
    lib\\src\\stm32f4xx_rng.c                0x00000000   Number         0  stm32f4xx_rng.o ABSOLUTE
    lib\\src\\stm32f4xx_rtc.c                0x00000000   Number         0  stm32f4xx_rtc.o ABSOLUTE
    lib\\src\\stm32f4xx_sai.c                0x00000000   Number         0  stm32f4xx_sai.o ABSOLUTE
    lib\\src\\stm32f4xx_sdio.c               0x00000000   Number         0  stm32f4xx_sdio.o ABSOLUTE
    lib\\src\\stm32f4xx_spdifrx.c            0x00000000   Number         0  stm32f4xx_spdifrx.o ABSOLUTE
    lib\\src\\stm32f4xx_spi.c                0x00000000   Number         0  stm32f4xx_spi.o ABSOLUTE
    lib\\src\\stm32f4xx_syscfg.c             0x00000000   Number         0  stm32f4xx_syscfg.o ABSOLUTE
    lib\\src\\stm32f4xx_tim.c                0x00000000   Number         0  stm32f4xx_tim.o ABSOLUTE
    lib\\src\\stm32f4xx_usart.c              0x00000000   Number         0  stm32f4xx_usart.o ABSOLUTE
    lib\\src\\stm32f4xx_wwdg.c               0x00000000   Number         0  stm32f4xx_wwdg.o ABSOLUTE
    lib\src\misc.c                           0x00000000   Number         0  misc.o ABSOLUTE
    lib\src\stm32f4xx_adc.c                  0x00000000   Number         0  stm32f4xx_adc.o ABSOLUTE
    lib\src\stm32f4xx_can.c                  0x00000000   Number         0  stm32f4xx_can.o ABSOLUTE
    lib\src\stm32f4xx_cec.c                  0x00000000   Number         0  stm32f4xx_cec.o ABSOLUTE
    lib\src\stm32f4xx_crc.c                  0x00000000   Number         0  stm32f4xx_crc.o ABSOLUTE
    lib\src\stm32f4xx_cryp.c                 0x00000000   Number         0  stm32f4xx_cryp.o ABSOLUTE
    lib\src\stm32f4xx_cryp_aes.c             0x00000000   Number         0  stm32f4xx_cryp_aes.o ABSOLUTE
    lib\src\stm32f4xx_cryp_des.c             0x00000000   Number         0  stm32f4xx_cryp_des.o ABSOLUTE
    lib\src\stm32f4xx_cryp_tdes.c            0x00000000   Number         0  stm32f4xx_cryp_tdes.o ABSOLUTE
    lib\src\stm32f4xx_dac.c                  0x00000000   Number         0  stm32f4xx_dac.o ABSOLUTE
    lib\src\stm32f4xx_dbgmcu.c               0x00000000   Number         0  stm32f4xx_dbgmcu.o ABSOLUTE
    lib\src\stm32f4xx_dcmi.c                 0x00000000   Number         0  stm32f4xx_dcmi.o ABSOLUTE
    lib\src\stm32f4xx_dfsdm.c                0x00000000   Number         0  stm32f4xx_dfsdm.o ABSOLUTE
    lib\src\stm32f4xx_dma.c                  0x00000000   Number         0  stm32f4xx_dma.o ABSOLUTE
    lib\src\stm32f4xx_dma2d.c                0x00000000   Number         0  stm32f4xx_dma2d.o ABSOLUTE
    lib\src\stm32f4xx_dsi.c                  0x00000000   Number         0  stm32f4xx_dsi.o ABSOLUTE
    lib\src\stm32f4xx_exti.c                 0x00000000   Number         0  stm32f4xx_exti.o ABSOLUTE
    lib\src\stm32f4xx_flash.c                0x00000000   Number         0  stm32f4xx_flash.o ABSOLUTE
    lib\src\stm32f4xx_flash_ramfunc.c        0x00000000   Number         0  stm32f4xx_flash_ramfunc.o ABSOLUTE
    lib\src\stm32f4xx_fmpi2c.c               0x00000000   Number         0  stm32f4xx_fmpi2c.o ABSOLUTE
    lib\src\stm32f4xx_fsmc.c                 0x00000000   Number         0  stm32f4xx_fsmc.o ABSOLUTE
    lib\src\stm32f4xx_gpio.c                 0x00000000   Number         0  stm32f4xx_gpio.o ABSOLUTE
    lib\src\stm32f4xx_hash.c                 0x00000000   Number         0  stm32f4xx_hash.o ABSOLUTE
    lib\src\stm32f4xx_hash_md5.c             0x00000000   Number         0  stm32f4xx_hash_md5.o ABSOLUTE
    lib\src\stm32f4xx_hash_sha1.c            0x00000000   Number         0  stm32f4xx_hash_sha1.o ABSOLUTE
    lib\src\stm32f4xx_i2c.c                  0x00000000   Number         0  stm32f4xx_i2c.o ABSOLUTE
    lib\src\stm32f4xx_iwdg.c                 0x00000000   Number         0  stm32f4xx_iwdg.o ABSOLUTE
    lib\src\stm32f4xx_lptim.c                0x00000000   Number         0  stm32f4xx_lptim.o ABSOLUTE
    lib\src\stm32f4xx_ltdc.c                 0x00000000   Number         0  stm32f4xx_ltdc.o ABSOLUTE
    lib\src\stm32f4xx_pwr.c                  0x00000000   Number         0  stm32f4xx_pwr.o ABSOLUTE
    lib\src\stm32f4xx_qspi.c                 0x00000000   Number         0  stm32f4xx_qspi.o ABSOLUTE
    lib\src\stm32f4xx_rcc.c                  0x00000000   Number         0  stm32f4xx_rcc.o ABSOLUTE
    lib\src\stm32f4xx_rng.c                  0x00000000   Number         0  stm32f4xx_rng.o ABSOLUTE
    lib\src\stm32f4xx_rtc.c                  0x00000000   Number         0  stm32f4xx_rtc.o ABSOLUTE
    lib\src\stm32f4xx_sai.c                  0x00000000   Number         0  stm32f4xx_sai.o ABSOLUTE
    lib\src\stm32f4xx_sdio.c                 0x00000000   Number         0  stm32f4xx_sdio.o ABSOLUTE
    lib\src\stm32f4xx_spdifrx.c              0x00000000   Number         0  stm32f4xx_spdifrx.o ABSOLUTE
    lib\src\stm32f4xx_spi.c                  0x00000000   Number         0  stm32f4xx_spi.o ABSOLUTE
    lib\src\stm32f4xx_syscfg.c               0x00000000   Number         0  stm32f4xx_syscfg.o ABSOLUTE
    lib\src\stm32f4xx_tim.c                  0x00000000   Number         0  stm32f4xx_tim.o ABSOLUTE
    lib\src\stm32f4xx_usart.c                0x00000000   Number         0  stm32f4xx_usart.o ABSOLUTE
    lib\src\stm32f4xx_wwdg.c                 0x00000000   Number         0  stm32f4xx_wwdg.o ABSOLUTE
    system\U8G2\mui.c                        0x00000000   Number         0  mui.o ABSOLUTE
    system\U8G2\mui_u8g2.c                   0x00000000   Number         0  mui_u8g2.o ABSOLUTE
    system\U8G2\u8g2_bitmap.c                0x00000000   Number         0  u8g2_bitmap.o ABSOLUTE
    system\U8G2\u8g2_box.c                   0x00000000   Number         0  u8g2_box.o ABSOLUTE
    system\U8G2\u8g2_buffer.c                0x00000000   Number         0  u8g2_buffer.o ABSOLUTE
    system\U8G2\u8g2_button.c                0x00000000   Number         0  u8g2_button.o ABSOLUTE
    system\U8G2\u8g2_circle.c                0x00000000   Number         0  u8g2_circle.o ABSOLUTE
    system\U8G2\u8g2_cleardisplay.c          0x00000000   Number         0  u8g2_cleardisplay.o ABSOLUTE
    system\U8G2\u8g2_d_memory.c              0x00000000   Number         0  u8g2_d_memory.o ABSOLUTE
    system\U8G2\u8g2_d_setup.c               0x00000000   Number         0  u8g2_d_setup.o ABSOLUTE
    system\U8G2\u8g2_font.c                  0x00000000   Number         0  u8g2_font.o ABSOLUTE
    system\U8G2\u8g2_fonts.c                 0x00000000   Number         0  u8g2_fonts.o ABSOLUTE
    system\U8G2\u8g2_hvline.c                0x00000000   Number         0  u8g2_hvline.o ABSOLUTE
    system\U8G2\u8g2_input_value.c           0x00000000   Number         0  u8g2_input_value.o ABSOLUTE
    system\U8G2\u8g2_intersection.c          0x00000000   Number         0  u8g2_intersection.o ABSOLUTE
    system\U8G2\u8g2_kerning.c               0x00000000   Number         0  u8g2_kerning.o ABSOLUTE
    system\U8G2\u8g2_line.c                  0x00000000   Number         0  u8g2_line.o ABSOLUTE
    system\U8G2\u8g2_ll_hvline.c             0x00000000   Number         0  u8g2_ll_hvline.o ABSOLUTE
    system\U8G2\u8g2_message.c               0x00000000   Number         0  u8g2_message.o ABSOLUTE
    system\U8G2\u8g2_polygon.c               0x00000000   Number         0  u8g2_polygon.o ABSOLUTE
    system\U8G2\u8g2_selection_list.c        0x00000000   Number         0  u8g2_selection_list.o ABSOLUTE
    system\U8G2\u8g2_setup.c                 0x00000000   Number         0  u8g2_setup.o ABSOLUTE
    system\U8G2\u8log.c                      0x00000000   Number         0  u8log.o ABSOLUTE
    system\U8G2\u8log_u8g2.c                 0x00000000   Number         0  u8log_u8g2.o ABSOLUTE
    system\U8G2\u8log_u8x8.c                 0x00000000   Number         0  u8log_u8x8.o ABSOLUTE
    system\U8G2\u8x8_8x8.c                   0x00000000   Number         0  u8x8_8x8.o ABSOLUTE
    system\U8G2\u8x8_byte.c                  0x00000000   Number         0  u8x8_byte.o ABSOLUTE
    system\U8G2\u8x8_cad.c                   0x00000000   Number         0  u8x8_cad.o ABSOLUTE
    system\U8G2\u8x8_capture.c               0x00000000   Number         0  u8x8_capture.o ABSOLUTE
    system\U8G2\u8x8_d_ssd1306_128x64_noname.c 0x00000000   Number         0  u8x8_d_ssd1306_128x64_noname.o ABSOLUTE
    system\U8G2\u8x8_debounce.c              0x00000000   Number         0  u8x8_debounce.o ABSOLUTE
    system\U8G2\u8x8_display.c               0x00000000   Number         0  u8x8_display.o ABSOLUTE
    system\U8G2\u8x8_fonts.c                 0x00000000   Number         0  u8x8_fonts.o ABSOLUTE
    system\U8G2\u8x8_gpio.c                  0x00000000   Number         0  u8x8_gpio.o ABSOLUTE
    system\U8G2\u8x8_input_value.c           0x00000000   Number         0  u8x8_input_value.o ABSOLUTE
    system\U8G2\u8x8_message.c               0x00000000   Number         0  u8x8_message.o ABSOLUTE
    system\U8G2\u8x8_selection_list.c        0x00000000   Number         0  u8x8_selection_list.o ABSOLUTE
    system\U8G2\u8x8_setup.c                 0x00000000   Number         0  u8x8_setup.o ABSOLUTE
    system\U8G2\u8x8_string.c                0x00000000   Number         0  u8x8_string.o ABSOLUTE
    system\U8G2\u8x8_u16toa.c                0x00000000   Number         0  u8x8_u16toa.o ABSOLUTE
    system\U8G2\u8x8_u8toa.c                 0x00000000   Number         0  u8x8_u8toa.o ABSOLUTE
    system\\delay.c                          0x00000000   Number         0  delay.o ABSOLUTE
    system\\hw\\key.c                        0x00000000   Number         0  key.o ABSOLUTE
    system\\hw\\led.c                        0x00000000   Number         0  led.o ABSOLUTE
    system\\hw\\oled.c                       0x00000000   Number         0  oled.o ABSOLUTE
    system\delay.c                           0x00000000   Number         0  delay.o ABSOLUTE
    system\hw\key.c                          0x00000000   Number         0  key.o ABSOLUTE
    system\hw\led.c                          0x00000000   Number         0  led.o ABSOLUTE
    system\hw\oled.c                         0x00000000   Number         0  oled.o ABSOLUTE
    user\\main.c                             0x00000000   Number         0  main.o ABSOLUTE
    user\\stm32f4xx_it.c                     0x00000000   Number         0  stm32f4xx_it.o ABSOLUTE
    user\\system_stm32f4xx.c                 0x00000000   Number         0  system_stm32f4xx.o ABSOLUTE
    user\main.c                              0x00000000   Number         0  main.o ABSOLUTE
    user\stm32f4xx_it.c                      0x00000000   Number         0  stm32f4xx_it.o ABSOLUTE
    user\system_stm32f4xx.c                  0x00000000   Number         0  system_stm32f4xx.o ABSOLUTE
    RESET                                    0x08000000   Section      392  startup_stm32f40_41xxx.o(RESET)
    !!!main                                  0x08000188   Section        8  __main.o(!!!main)
    !!!scatter                               0x08000190   Section       52  __scatter.o(!!!scatter)
    !!handler_copy                           0x080001c4   Section       26  __scatter_copy.o(!!handler_copy)
    !!handler_zi                             0x080001e0   Section       28  __scatter_zi.o(!!handler_zi)
    .ARM.Collect$$libinit$$00000000          0x080001fc   Section        2  libinit.o(.ARM.Collect$$libinit$$00000000)
    .ARM.Collect$$libinit$$00000001          0x080001fe   Section        4  libinit2.o(.ARM.Collect$$libinit$$00000001)
    .ARM.Collect$$libinit$$00000004          0x08000202   Section        0  libinit2.o(.ARM.Collect$$libinit$$00000004)
    .ARM.Collect$$libinit$$00000005          0x08000202   Section        8  libinit2.o(.ARM.Collect$$libinit$$00000005)
    .ARM.Collect$$libinit$$0000000A          0x0800020a   Section        0  libinit2.o(.ARM.Collect$$libinit$$0000000A)
    .ARM.Collect$$libinit$$0000000C          0x0800020a   Section        0  libinit2.o(.ARM.Collect$$libinit$$0000000C)
    .ARM.Collect$$libinit$$0000000E          0x0800020a   Section        0  libinit2.o(.ARM.Collect$$libinit$$0000000E)
    .ARM.Collect$$libinit$$00000011          0x0800020a   Section        0  libinit2.o(.ARM.Collect$$libinit$$00000011)
    .ARM.Collect$$libinit$$00000013          0x0800020a   Section        0  libinit2.o(.ARM.Collect$$libinit$$00000013)
    .ARM.Collect$$libinit$$00000015          0x0800020a   Section        0  libinit2.o(.ARM.Collect$$libinit$$00000015)
    .ARM.Collect$$libinit$$00000017          0x0800020a   Section        0  libinit2.o(.ARM.Collect$$libinit$$00000017)
    .ARM.Collect$$libinit$$00000019          0x0800020a   Section        0  libinit2.o(.ARM.Collect$$libinit$$00000019)
    .ARM.Collect$$libinit$$0000001B          0x0800020a   Section        0  libinit2.o(.ARM.Collect$$libinit$$0000001B)
    .ARM.Collect$$libinit$$0000001D          0x0800020a   Section        0  libinit2.o(.ARM.Collect$$libinit$$0000001D)
    .ARM.Collect$$libinit$$0000001F          0x0800020a   Section        0  libinit2.o(.ARM.Collect$$libinit$$0000001F)
    .ARM.Collect$$libinit$$00000021          0x0800020a   Section        0  libinit2.o(.ARM.Collect$$libinit$$00000021)
    .ARM.Collect$$libinit$$00000023          0x0800020a   Section        0  libinit2.o(.ARM.Collect$$libinit$$00000023)
    .ARM.Collect$$libinit$$00000025          0x0800020a   Section        0  libinit2.o(.ARM.Collect$$libinit$$00000025)
    .ARM.Collect$$libinit$$0000002C          0x0800020a   Section        0  libinit2.o(.ARM.Collect$$libinit$$0000002C)
    .ARM.Collect$$libinit$$0000002E          0x0800020a   Section        0  libinit2.o(.ARM.Collect$$libinit$$0000002E)
    .ARM.Collect$$libinit$$00000030          0x0800020a   Section        0  libinit2.o(.ARM.Collect$$libinit$$00000030)
    .ARM.Collect$$libinit$$00000032          0x0800020a   Section        0  libinit2.o(.ARM.Collect$$libinit$$00000032)
    .ARM.Collect$$libinit$$00000033          0x0800020a   Section        2  libinit2.o(.ARM.Collect$$libinit$$00000033)
    .ARM.Collect$$libshutdown$$00000000      0x0800020c   Section        2  libshutdown.o(.ARM.Collect$$libshutdown$$00000000)
    .ARM.Collect$$libshutdown$$00000002      0x0800020e   Section        0  libshutdown2.o(.ARM.Collect$$libshutdown$$00000002)
    .ARM.Collect$$libshutdown$$00000004      0x0800020e   Section        0  libshutdown2.o(.ARM.Collect$$libshutdown$$00000004)
    .ARM.Collect$$libshutdown$$00000006      0x0800020e   Section        0  libshutdown2.o(.ARM.Collect$$libshutdown$$00000006)
    .ARM.Collect$$libshutdown$$00000009      0x0800020e   Section        0  libshutdown2.o(.ARM.Collect$$libshutdown$$00000009)
    .ARM.Collect$$libshutdown$$0000000C      0x0800020e   Section        0  libshutdown2.o(.ARM.Collect$$libshutdown$$0000000C)
    .ARM.Collect$$libshutdown$$0000000E      0x0800020e   Section        0  libshutdown2.o(.ARM.Collect$$libshutdown$$0000000E)
    .ARM.Collect$$libshutdown$$00000011      0x0800020e   Section        0  libshutdown2.o(.ARM.Collect$$libshutdown$$00000011)
    .ARM.Collect$$libshutdown$$00000012      0x0800020e   Section        2  libshutdown2.o(.ARM.Collect$$libshutdown$$00000012)
    .ARM.Collect$$rtentry$$00000000          0x08000210   Section        0  __rtentry.o(.ARM.Collect$$rtentry$$00000000)
    .ARM.Collect$$rtentry$$00000002          0x08000210   Section        0  __rtentry2.o(.ARM.Collect$$rtentry$$00000002)
    .ARM.Collect$$rtentry$$00000004          0x08000210   Section        6  __rtentry4.o(.ARM.Collect$$rtentry$$00000004)
    .ARM.Collect$$rtentry$$00000009          0x08000216   Section        0  __rtentry2.o(.ARM.Collect$$rtentry$$00000009)
    .ARM.Collect$$rtentry$$0000000A          0x08000216   Section        4  __rtentry2.o(.ARM.Collect$$rtentry$$0000000A)
    .ARM.Collect$$rtentry$$0000000C          0x0800021a   Section        0  __rtentry2.o(.ARM.Collect$$rtentry$$0000000C)
    .ARM.Collect$$rtentry$$0000000D          0x0800021a   Section        8  __rtentry2.o(.ARM.Collect$$rtentry$$0000000D)
    .ARM.Collect$$rtexit$$00000000           0x08000222   Section        2  rtexit.o(.ARM.Collect$$rtexit$$00000000)
    .ARM.Collect$$rtexit$$00000002           0x08000224   Section        0  rtexit2.o(.ARM.Collect$$rtexit$$00000002)
    .ARM.Collect$$rtexit$$00000003           0x08000224   Section        4  rtexit2.o(.ARM.Collect$$rtexit$$00000003)
    .ARM.Collect$$rtexit$$00000004           0x08000228   Section        6  rtexit2.o(.ARM.Collect$$rtexit$$00000004)
    .emb_text                                0x08000230   Section        0  maybetermalloc1.o(.emb_text)
    .text                                    0x08000230   Section       64  startup_stm32f40_41xxx.o(.text)
    $v0                                      0x08000230   Number         0  startup_stm32f40_41xxx.o(.text)
    .text                                    0x08000270   Section        0  h1_alloc.o(.text)
    .text                                    0x080002ce   Section        0  heapauxi.o(.text)
    .text                                    0x080002d4   Section        8  rt_heap_descriptor_intlibspace.o(.text)
    .text                                    0x080002dc   Section        0  hguard.o(.text)
    .text                                    0x080002e0   Section        0  init_alloc.o(.text)
    .text                                    0x0800036a   Section        0  h1_init.o(.text)
    .text                                    0x08000378   Section        0  h1_free.o(.text)
    .text                                    0x080003c8   Section        8  libspace.o(.text)
    .text                                    0x080003d0   Section        0  h1_extend.o(.text)
    .text                                    0x08000404   Section        0  defsig_rtmem_outer.o(.text)
    .text                                    0x08000412   Section        2  use_no_semi.o(.text)
    .text                                    0x08000414   Section       74  sys_stackheap_outer.o(.text)
    .text                                    0x08000414   Section        0  indicate_semi.o(.text)
    .text                                    0x0800045e   Section        0  exit.o(.text)
    .text                                    0x08000470   Section        0  defsig_exit.o(.text)
    .text                                    0x0800047c   Section        0  defsig_rtmem_inner.o(.text)
    .text                                    0x080004cc   Section        0  sys_exit.o(.text)
    .text                                    0x080004d8   Section        0  defsig_general.o(.text)
    .text                                    0x0800050a   Section        0  sys_wrch.o(.text)
    i.BusFault_Handler                       0x08000518   Section        0  stm32f4xx_it.o(i.BusFault_Handler)
    i.DebugMon_Handler                       0x0800051c   Section        0  stm32f4xx_it.o(i.DebugMon_Handler)
    i.GPIO_Init                              0x0800051e   Section        0  stm32f4xx_gpio.o(i.GPIO_Init)
    i.GPIO_ResetBits                         0x080005ae   Section        0  stm32f4xx_gpio.o(i.GPIO_ResetBits)
    i.GPIO_SetBits                           0x080005b4   Section        0  stm32f4xx_gpio.o(i.GPIO_SetBits)
    i.HardFault_Handler                      0x080005b8   Section        0  stm32f4xx_it.o(i.HardFault_Handler)
    i.MemManage_Handler                      0x080005bc   Section        0  stm32f4xx_it.o(i.MemManage_Handler)
    i.NMI_Handler                            0x080005c0   Section        0  stm32f4xx_it.o(i.NMI_Handler)
    i.PendSV_Handler                         0x080005c2   Section        0  stm32f4xx_it.o(i.PendSV_Handler)
    i.RCC_AHB1PeriphClockCmd                 0x080005c4   Section        0  stm32f4xx_rcc.o(i.RCC_AHB1PeriphClockCmd)
    i.SVC_Handler                            0x080005e4   Section        0  stm32f4xx_it.o(i.SVC_Handler)
    i.SetSysClock                            0x080005e8   Section        0  system_stm32f4xx.o(i.SetSysClock)
    SetSysClock                              0x080005e9   Thumb Code   220  system_stm32f4xx.o(i.SetSysClock)
    i.SysTick_Handler                        0x080006d4   Section        0  stm32f4xx_it.o(i.SysTick_Handler)
    i.SystemInit                             0x080006dc   Section        0  system_stm32f4xx.o(i.SystemInit)
    i.TimingDelay_Decrement                  0x08000744   Section        0  stm32f4xx_it.o(i.TimingDelay_Decrement)
    i.UsageFault_Handler                     0x0800075c   Section        0  stm32f4xx_it.o(i.UsageFault_Handler)
    i.createLedClass                         0x08000760   Section        0  led.o(i.createLedClass)
    i.createLedClassWithArgs                 0x0800078c   Section        0  led.o(i.createLedClassWithArgs)
    i.delay_ms                               0x080007a2   Section        0  delay.o(i.delay_ms)
    i.led_gpio_init                          0x080007dc   Section        0  main.o(i.led_gpio_init)
    i.led_out_gpio                           0x08000824   Section        0  main.o(i.led_out_gpio)
    i.led_set_level                          0x08000890   Section        0  led.o(i.led_set_level)
    i.led_set_level_arr                      0x080008b6   Section        0  led.o(i.led_set_level_arr)
    i.main                                   0x080008da   Section        0  main.o(i.main)
    x$fpl$fpinit                             0x0800093e   Section       10  fpinit.o(x$fpl$fpinit)
    $v0                                      0x0800093e   Number         0  fpinit.o(x$fpl$fpinit)
    .data                                    0x20000000   Section        4  stm32f4xx_it.o(.data)
    uwTimingDelay                            0x20000000   Data           4  stm32f4xx_it.o(.data)
    .bss                                     0x20000004   Section       96  libspace.o(.bss)
    HEAP                                     0x20000068   Section      512  startup_stm32f40_41xxx.o(HEAP)
    Heap_Mem                                 0x20000068   Data         512  startup_stm32f40_41xxx.o(HEAP)
    STACK                                    0x20000268   Section     1024  startup_stm32f40_41xxx.o(STACK)
    Stack_Mem                                0x20000268   Data        1024  startup_stm32f40_41xxx.o(STACK)
    __initial_sp                             0x20000668   Data           0  startup_stm32f40_41xxx.o(STACK)

    Global Symbols

    Symbol Name                              Value     Ov Type        Size  Object(Section)

    BuildAttributes$$THM_ISAv4$E$P$D$K$B$S$7EM$VFPi3$EXTD16$VFPS$VFMA$PE$A:L22UL41UL21$X:L11$S22US41US21$IEEE1$IW$USESV6$~STKCKD$USESV7$~SHL$OTIME$ROPI$EBA8$UX$STANDARDLIB$REQ8$PRES8$EABIv2 0x00000000   Number         0  anon$$obj.o ABSOLUTE
    __ARM_use_no_argv                        0x00000000   Number         0  main.o ABSOLUTE
    __ARM_exceptions_init                     - Undefined Weak Reference
    __alloca_initialize                       - Undefined Weak Reference
    __arm_fini_                               - Undefined Weak Reference
    __arm_preinit_                            - Undefined Weak Reference
    __cpp_initialize__aeabi_                  - Undefined Weak Reference
    __cxa_finalize                            - Undefined Weak Reference
    __rt_locale                               - Undefined Weak Reference
    __sigvec_lookup                           - Undefined Weak Reference
    __user_heap_extent                        - Undefined Weak Reference
    _atexit_init                              - Undefined Weak Reference
    _call_atexit_fns                          - Undefined Weak Reference
    _clock_init                               - Undefined Weak Reference
    _fp_trap_init                             - Undefined Weak Reference
    _fp_trap_shutdown                         - Undefined Weak Reference
    _get_lc_collate                           - Undefined Weak Reference
    _get_lc_ctype                             - Undefined Weak Reference
    _get_lc_monetary                          - Undefined Weak Reference
    _get_lc_numeric                           - Undefined Weak Reference
    _get_lc_time                              - Undefined Weak Reference
    _getenv_init                              - Undefined Weak Reference
    _handle_redirection                       - Undefined Weak Reference
    _initio                                   - Undefined Weak Reference
    _mutex_acquire                            - Undefined Weak Reference
    _mutex_free                               - Undefined Weak Reference
    _mutex_release                            - Undefined Weak Reference
    _rand_init                                - Undefined Weak Reference
    _signal_finish                            - Undefined Weak Reference
    _signal_init                              - Undefined Weak Reference
    _terminateio                              - Undefined Weak Reference
    __Vectors_Size                           0x00000188   Number         0  startup_stm32f40_41xxx.o ABSOLUTE
    __Vectors                                0x08000000   Data           4  startup_stm32f40_41xxx.o(RESET)
    __Vectors_End                            0x08000188   Data           0  startup_stm32f40_41xxx.o(RESET)
    __main                                   0x08000189   Thumb Code     8  __main.o(!!!main)
    __scatterload                            0x08000191   Thumb Code     0  __scatter.o(!!!scatter)
    __scatterload_rt2                        0x08000191   Thumb Code    44  __scatter.o(!!!scatter)
    __scatterload_rt2_thumb_only             0x08000191   Thumb Code     0  __scatter.o(!!!scatter)
    __scatterload_null                       0x0800019f   Thumb Code     0  __scatter.o(!!!scatter)
    __scatterload_copy                       0x080001c5   Thumb Code    26  __scatter_copy.o(!!handler_copy)
    __scatterload_zeroinit                   0x080001e1   Thumb Code    28  __scatter_zi.o(!!handler_zi)
    __rt_lib_init                            0x080001fd   Thumb Code     0  libinit.o(.ARM.Collect$$libinit$$00000000)
    __rt_lib_init_fp_1                       0x080001ff   Thumb Code     0  libinit2.o(.ARM.Collect$$libinit$$00000001)
    __rt_lib_init_heap_2                     0x08000203   Thumb Code     0  libinit2.o(.ARM.Collect$$libinit$$00000005)
    __rt_lib_init_preinit_1                  0x08000203   Thumb Code     0  libinit2.o(.ARM.Collect$$libinit$$00000004)
    __rt_lib_init_alloca_1                   0x0800020b   Thumb Code     0  libinit2.o(.ARM.Collect$$libinit$$0000002E)
    __rt_lib_init_argv_1                     0x0800020b   Thumb Code     0  libinit2.o(.ARM.Collect$$libinit$$0000002C)
    __rt_lib_init_atexit_1                   0x0800020b   Thumb Code     0  libinit2.o(.ARM.Collect$$libinit$$0000001B)
    __rt_lib_init_clock_1                    0x0800020b   Thumb Code     0  libinit2.o(.ARM.Collect$$libinit$$00000021)
    __rt_lib_init_cpp_1                      0x0800020b   Thumb Code     0  libinit2.o(.ARM.Collect$$libinit$$00000032)
    __rt_lib_init_exceptions_1               0x0800020b   Thumb Code     0  libinit2.o(.ARM.Collect$$libinit$$00000030)
    __rt_lib_init_fp_trap_1                  0x0800020b   Thumb Code     0  libinit2.o(.ARM.Collect$$libinit$$0000001F)
    __rt_lib_init_getenv_1                   0x0800020b   Thumb Code     0  libinit2.o(.ARM.Collect$$libinit$$00000023)
    __rt_lib_init_heap_1                     0x0800020b   Thumb Code     0  libinit2.o(.ARM.Collect$$libinit$$0000000A)
    __rt_lib_init_lc_collate_1               0x0800020b   Thumb Code     0  libinit2.o(.ARM.Collect$$libinit$$00000011)
    __rt_lib_init_lc_ctype_1                 0x0800020b   Thumb Code     0  libinit2.o(.ARM.Collect$$libinit$$00000013)
    __rt_lib_init_lc_monetary_1              0x0800020b   Thumb Code     0  libinit2.o(.ARM.Collect$$libinit$$00000015)
    __rt_lib_init_lc_numeric_1               0x0800020b   Thumb Code     0  libinit2.o(.ARM.Collect$$libinit$$00000017)
    __rt_lib_init_lc_time_1                  0x0800020b   Thumb Code     0  libinit2.o(.ARM.Collect$$libinit$$00000019)
    __rt_lib_init_rand_1                     0x0800020b   Thumb Code     0  libinit2.o(.ARM.Collect$$libinit$$0000000E)
    __rt_lib_init_return                     0x0800020b   Thumb Code     0  libinit2.o(.ARM.Collect$$libinit$$00000033)
    __rt_lib_init_signal_1                   0x0800020b   Thumb Code     0  libinit2.o(.ARM.Collect$$libinit$$0000001D)
    __rt_lib_init_stdio_1                    0x0800020b   Thumb Code     0  libinit2.o(.ARM.Collect$$libinit$$00000025)
    __rt_lib_init_user_alloc_1               0x0800020b   Thumb Code     0  libinit2.o(.ARM.Collect$$libinit$$0000000C)
    __rt_lib_shutdown                        0x0800020d   Thumb Code     0  libshutdown.o(.ARM.Collect$$libshutdown$$00000000)
    __rt_lib_shutdown_cpp_1                  0x0800020f   Thumb Code     0  libshutdown2.o(.ARM.Collect$$libshutdown$$00000004)
    __rt_lib_shutdown_fini_1                 0x0800020f   Thumb Code     0  libshutdown2.o(.ARM.Collect$$libshutdown$$00000002)
    __rt_lib_shutdown_fp_trap_1              0x0800020f   Thumb Code     0  libshutdown2.o(.ARM.Collect$$libshutdown$$00000009)
    __rt_lib_shutdown_heap_1                 0x0800020f   Thumb Code     0  libshutdown2.o(.ARM.Collect$$libshutdown$$00000011)
    __rt_lib_shutdown_return                 0x0800020f   Thumb Code     0  libshutdown2.o(.ARM.Collect$$libshutdown$$00000012)
    __rt_lib_shutdown_signal_1               0x0800020f   Thumb Code     0  libshutdown2.o(.ARM.Collect$$libshutdown$$0000000C)
    __rt_lib_shutdown_stdio_1                0x0800020f   Thumb Code     0  libshutdown2.o(.ARM.Collect$$libshutdown$$00000006)
    __rt_lib_shutdown_user_alloc_1           0x0800020f   Thumb Code     0  libshutdown2.o(.ARM.Collect$$libshutdown$$0000000E)
    __rt_entry                               0x08000211   Thumb Code     0  __rtentry.o(.ARM.Collect$$rtentry$$00000000)
    __rt_entry_presh_1                       0x08000211   Thumb Code     0  __rtentry2.o(.ARM.Collect$$rtentry$$00000002)
    __rt_entry_sh                            0x08000211   Thumb Code     0  __rtentry4.o(.ARM.Collect$$rtentry$$00000004)
    __rt_entry_li                            0x08000217   Thumb Code     0  __rtentry2.o(.ARM.Collect$$rtentry$$0000000A)
    __rt_entry_postsh_1                      0x08000217   Thumb Code     0  __rtentry2.o(.ARM.Collect$$rtentry$$00000009)
    __rt_entry_main                          0x0800021b   Thumb Code     0  __rtentry2.o(.ARM.Collect$$rtentry$$0000000D)
    __rt_entry_postli_1                      0x0800021b   Thumb Code     0  __rtentry2.o(.ARM.Collect$$rtentry$$0000000C)
    __rt_exit                                0x08000223   Thumb Code     0  rtexit.o(.ARM.Collect$$rtexit$$00000000)
    __rt_exit_ls                             0x08000225   Thumb Code     0  rtexit2.o(.ARM.Collect$$rtexit$$00000003)
    __rt_exit_prels_1                        0x08000225   Thumb Code     0  rtexit2.o(.ARM.Collect$$rtexit$$00000002)
    __rt_exit_exit                           0x08000229   Thumb Code     0  rtexit2.o(.ARM.Collect$$rtexit$$00000004)
    Reset_Handler                            0x08000231   Thumb Code     8  startup_stm32f40_41xxx.o(.text)
    _maybe_terminate_alloc                   0x08000231   Thumb Code     0  maybetermalloc1.o(.emb_text)
    ADC_IRQHandler                           0x0800024b   Thumb Code     0  startup_stm32f40_41xxx.o(.text)
    CAN1_RX0_IRQHandler                      0x0800024b   Thumb Code     0  startup_stm32f40_41xxx.o(.text)
    CAN1_RX1_IRQHandler                      0x0800024b   Thumb Code     0  startup_stm32f40_41xxx.o(.text)
    CAN1_SCE_IRQHandler                      0x0800024b   Thumb Code     0  startup_stm32f40_41xxx.o(.text)
    CAN1_TX_IRQHandler                       0x0800024b   Thumb Code     0  startup_stm32f40_41xxx.o(.text)
    CAN2_RX0_IRQHandler                      0x0800024b   Thumb Code     0  startup_stm32f40_41xxx.o(.text)
    CAN2_RX1_IRQHandler                      0x0800024b   Thumb Code     0  startup_stm32f40_41xxx.o(.text)
    CAN2_SCE_IRQHandler                      0x0800024b   Thumb Code     0  startup_stm32f40_41xxx.o(.text)
    CAN2_TX_IRQHandler                       0x0800024b   Thumb Code     0  startup_stm32f40_41xxx.o(.text)
    CRYP_IRQHandler                          0x0800024b   Thumb Code     0  startup_stm32f40_41xxx.o(.text)
    DCMI_IRQHandler                          0x0800024b   Thumb Code     0  startup_stm32f40_41xxx.o(.text)
    DMA1_Stream0_IRQHandler                  0x0800024b   Thumb Code     0  startup_stm32f40_41xxx.o(.text)
    DMA1_Stream1_IRQHandler                  0x0800024b   Thumb Code     0  startup_stm32f40_41xxx.o(.text)
    DMA1_Stream2_IRQHandler                  0x0800024b   Thumb Code     0  startup_stm32f40_41xxx.o(.text)
    DMA1_Stream3_IRQHandler                  0x0800024b   Thumb Code     0  startup_stm32f40_41xxx.o(.text)
    DMA1_Stream4_IRQHandler                  0x0800024b   Thumb Code     0  startup_stm32f40_41xxx.o(.text)
    DMA1_Stream5_IRQHandler                  0x0800024b   Thumb Code     0  startup_stm32f40_41xxx.o(.text)
    DMA1_Stream6_IRQHandler                  0x0800024b   Thumb Code     0  startup_stm32f40_41xxx.o(.text)
    DMA1_Stream7_IRQHandler                  0x0800024b   Thumb Code     0  startup_stm32f40_41xxx.o(.text)
    DMA2_Stream0_IRQHandler                  0x0800024b   Thumb Code     0  startup_stm32f40_41xxx.o(.text)
    DMA2_Stream1_IRQHandler                  0x0800024b   Thumb Code     0  startup_stm32f40_41xxx.o(.text)
    DMA2_Stream2_IRQHandler                  0x0800024b   Thumb Code     0  startup_stm32f40_41xxx.o(.text)
    DMA2_Stream3_IRQHandler                  0x0800024b   Thumb Code     0  startup_stm32f40_41xxx.o(.text)
    DMA2_Stream4_IRQHandler                  0x0800024b   Thumb Code     0  startup_stm32f40_41xxx.o(.text)
    DMA2_Stream5_IRQHandler                  0x0800024b   Thumb Code     0  startup_stm32f40_41xxx.o(.text)
    DMA2_Stream6_IRQHandler                  0x0800024b   Thumb Code     0  startup_stm32f40_41xxx.o(.text)
    DMA2_Stream7_IRQHandler                  0x0800024b   Thumb Code     0  startup_stm32f40_41xxx.o(.text)
    ETH_IRQHandler                           0x0800024b   Thumb Code     0  startup_stm32f40_41xxx.o(.text)
    ETH_WKUP_IRQHandler                      0x0800024b   Thumb Code     0  startup_stm32f40_41xxx.o(.text)
    EXTI0_IRQHandler                         0x0800024b   Thumb Code     0  startup_stm32f40_41xxx.o(.text)
    EXTI15_10_IRQHandler                     0x0800024b   Thumb Code     0  startup_stm32f40_41xxx.o(.text)
    EXTI1_IRQHandler                         0x0800024b   Thumb Code     0  startup_stm32f40_41xxx.o(.text)
    EXTI2_IRQHandler                         0x0800024b   Thumb Code     0  startup_stm32f40_41xxx.o(.text)
    EXTI3_IRQHandler                         0x0800024b   Thumb Code     0  startup_stm32f40_41xxx.o(.text)
    EXTI4_IRQHandler                         0x0800024b   Thumb Code     0  startup_stm32f40_41xxx.o(.text)
    EXTI9_5_IRQHandler                       0x0800024b   Thumb Code     0  startup_stm32f40_41xxx.o(.text)
    FLASH_IRQHandler                         0x0800024b   Thumb Code     0  startup_stm32f40_41xxx.o(.text)
    FPU_IRQHandler                           0x0800024b   Thumb Code     0  startup_stm32f40_41xxx.o(.text)
    FSMC_IRQHandler                          0x0800024b   Thumb Code     0  startup_stm32f40_41xxx.o(.text)
    HASH_RNG_IRQHandler                      0x0800024b   Thumb Code     0  startup_stm32f40_41xxx.o(.text)
    I2C1_ER_IRQHandler                       0x0800024b   Thumb Code     0  startup_stm32f40_41xxx.o(.text)
    I2C1_EV_IRQHandler                       0x0800024b   Thumb Code     0  startup_stm32f40_41xxx.o(.text)
    I2C2_ER_IRQHandler                       0x0800024b   Thumb Code     0  startup_stm32f40_41xxx.o(.text)
    I2C2_EV_IRQHandler                       0x0800024b   Thumb Code     0  startup_stm32f40_41xxx.o(.text)
    I2C3_ER_IRQHandler                       0x0800024b   Thumb Code     0  startup_stm32f40_41xxx.o(.text)
    I2C3_EV_IRQHandler                       0x0800024b   Thumb Code     0  startup_stm32f40_41xxx.o(.text)
    OTG_FS_IRQHandler                        0x0800024b   Thumb Code     0  startup_stm32f40_41xxx.o(.text)
    OTG_FS_WKUP_IRQHandler                   0x0800024b   Thumb Code     0  startup_stm32f40_41xxx.o(.text)
    OTG_HS_EP1_IN_IRQHandler                 0x0800024b   Thumb Code     0  startup_stm32f40_41xxx.o(.text)
    OTG_HS_EP1_OUT_IRQHandler                0x0800024b   Thumb Code     0  startup_stm32f40_41xxx.o(.text)
    OTG_HS_IRQHandler                        0x0800024b   Thumb Code     0  startup_stm32f40_41xxx.o(.text)
    OTG_HS_WKUP_IRQHandler                   0x0800024b   Thumb Code     0  startup_stm32f40_41xxx.o(.text)
    PVD_IRQHandler                           0x0800024b   Thumb Code     0  startup_stm32f40_41xxx.o(.text)
    RCC_IRQHandler                           0x0800024b   Thumb Code     0  startup_stm32f40_41xxx.o(.text)
    RTC_Alarm_IRQHandler                     0x0800024b   Thumb Code     0  startup_stm32f40_41xxx.o(.text)
    RTC_WKUP_IRQHandler                      0x0800024b   Thumb Code     0  startup_stm32f40_41xxx.o(.text)
    SDIO_IRQHandler                          0x0800024b   Thumb Code     0  startup_stm32f40_41xxx.o(.text)
    SPI1_IRQHandler                          0x0800024b   Thumb Code     0  startup_stm32f40_41xxx.o(.text)
    SPI2_IRQHandler                          0x0800024b   Thumb Code     0  startup_stm32f40_41xxx.o(.text)
    SPI3_IRQHandler                          0x0800024b   Thumb Code     0  startup_stm32f40_41xxx.o(.text)
    TAMP_STAMP_IRQHandler                    0x0800024b   Thumb Code     0  startup_stm32f40_41xxx.o(.text)
    TIM1_BRK_TIM9_IRQHandler                 0x0800024b   Thumb Code     0  startup_stm32f40_41xxx.o(.text)
    TIM1_CC_IRQHandler                       0x0800024b   Thumb Code     0  startup_stm32f40_41xxx.o(.text)
    TIM1_TRG_COM_TIM11_IRQHandler            0x0800024b   Thumb Code     0  startup_stm32f40_41xxx.o(.text)
    TIM1_UP_TIM10_IRQHandler                 0x0800024b   Thumb Code     0  startup_stm32f40_41xxx.o(.text)
    TIM2_IRQHandler                          0x0800024b   Thumb Code     0  startup_stm32f40_41xxx.o(.text)
    TIM3_IRQHandler                          0x0800024b   Thumb Code     0  startup_stm32f40_41xxx.o(.text)
    TIM4_IRQHandler                          0x0800024b   Thumb Code     0  startup_stm32f40_41xxx.o(.text)
    TIM5_IRQHandler                          0x0800024b   Thumb Code     0  startup_stm32f40_41xxx.o(.text)
    TIM6_DAC_IRQHandler                      0x0800024b   Thumb Code     0  startup_stm32f40_41xxx.o(.text)
    TIM7_IRQHandler                          0x0800024b   Thumb Code     0  startup_stm32f40_41xxx.o(.text)
    TIM8_BRK_TIM12_IRQHandler                0x0800024b   Thumb Code     0  startup_stm32f40_41xxx.o(.text)
    TIM8_CC_IRQHandler                       0x0800024b   Thumb Code     0  startup_stm32f40_41xxx.o(.text)
    TIM8_TRG_COM_TIM14_IRQHandler            0x0800024b   Thumb Code     0  startup_stm32f40_41xxx.o(.text)
    TIM8_UP_TIM13_IRQHandler                 0x0800024b   Thumb Code     0  startup_stm32f40_41xxx.o(.text)
    UART4_IRQHandler                         0x0800024b   Thumb Code     0  startup_stm32f40_41xxx.o(.text)
    UART5_IRQHandler                         0x0800024b   Thumb Code     0  startup_stm32f40_41xxx.o(.text)
    USART1_IRQHandler                        0x0800024b   Thumb Code     0  startup_stm32f40_41xxx.o(.text)
    USART2_IRQHandler                        0x0800024b   Thumb Code     0  startup_stm32f40_41xxx.o(.text)
    USART3_IRQHandler                        0x0800024b   Thumb Code     0  startup_stm32f40_41xxx.o(.text)
    USART6_IRQHandler                        0x0800024b   Thumb Code     0  startup_stm32f40_41xxx.o(.text)
    WWDG_IRQHandler                          0x0800024b   Thumb Code     0  startup_stm32f40_41xxx.o(.text)
    __user_initial_stackheap                 0x0800024d   Thumb Code     0  startup_stm32f40_41xxx.o(.text)
    malloc                                   0x08000271   Thumb Code    94  h1_alloc.o(.text)
    __use_two_region_memory                  0x080002cf   Thumb Code     2  heapauxi.o(.text)
    __rt_heap_escrow                         0x080002d1   Thumb Code     2  heapauxi.o(.text)
    __rt_heap_expand                         0x080002d3   Thumb Code     2  heapauxi.o(.text)
    __rt_heap_descriptor                     0x080002d5   Thumb Code     8  rt_heap_descriptor_intlibspace.o(.text)
    __use_no_heap                            0x080002dd   Thumb Code     2  hguard.o(.text)
    __heap$guard                             0x080002df   Thumb Code     2  hguard.o(.text)
    _terminate_user_alloc                    0x080002e1   Thumb Code     2  init_alloc.o(.text)
    _init_user_alloc                         0x080002e3   Thumb Code     2  init_alloc.o(.text)
    __Heap_Full                              0x080002e5   Thumb Code    34  init_alloc.o(.text)
    __Heap_Broken                            0x08000307   Thumb Code     6  init_alloc.o(.text)
    _init_alloc                              0x0800030d   Thumb Code    94  init_alloc.o(.text)
    __Heap_Initialize                        0x0800036b   Thumb Code    10  h1_init.o(.text)
    __Heap_DescSize                          0x08000375   Thumb Code     4  h1_init.o(.text)
    free                                     0x08000379   Thumb Code    78  h1_free.o(.text)
    __user_libspace                          0x080003c9   Thumb Code     8  libspace.o(.text)
    __user_perproc_libspace                  0x080003c9   Thumb Code     0  libspace.o(.text)
    __user_perthread_libspace                0x080003c9   Thumb Code     0  libspace.o(.text)
    __Heap_ProvideMemory                     0x080003d1   Thumb Code    52  h1_extend.o(.text)
    __rt_SIGRTMEM                            0x08000405   Thumb Code    14  defsig_rtmem_outer.o(.text)
    __I$use$semihosting                      0x08000413   Thumb Code     0  use_no_semi.o(.text)
    __use_no_semihosting_swi                 0x08000413   Thumb Code     2  use_no_semi.o(.text)
    __semihosting_library_function           0x08000415   Thumb Code     0  indicate_semi.o(.text)
    __user_setup_stackheap                   0x08000415   Thumb Code    74  sys_stackheap_outer.o(.text)
    exit                                     0x0800045f   Thumb Code    18  exit.o(.text)
    __sig_exit                               0x08000471   Thumb Code    10  defsig_exit.o(.text)
    __rt_SIGRTMEM_inner                      0x0800047d   Thumb Code    22  defsig_rtmem_inner.o(.text)
    _sys_exit                                0x080004cd   Thumb Code     8  sys_exit.o(.text)
    __default_signal_display                 0x080004d9   Thumb Code    50  defsig_general.o(.text)
    _ttywrch                                 0x0800050b   Thumb Code    14  sys_wrch.o(.text)
    BusFault_Handler                         0x08000519   Thumb Code     4  stm32f4xx_it.o(i.BusFault_Handler)
    DebugMon_Handler                         0x0800051d   Thumb Code     2  stm32f4xx_it.o(i.DebugMon_Handler)
    GPIO_Init                                0x0800051f   Thumb Code   144  stm32f4xx_gpio.o(i.GPIO_Init)
    GPIO_ResetBits                           0x080005af   Thumb Code     6  stm32f4xx_gpio.o(i.GPIO_ResetBits)
    GPIO_SetBits                             0x080005b5   Thumb Code     4  stm32f4xx_gpio.o(i.GPIO_SetBits)
    HardFault_Handler                        0x080005b9   Thumb Code     4  stm32f4xx_it.o(i.HardFault_Handler)
    MemManage_Handler                        0x080005bd   Thumb Code     4  stm32f4xx_it.o(i.MemManage_Handler)
    NMI_Handler                              0x080005c1   Thumb Code     2  stm32f4xx_it.o(i.NMI_Handler)
    PendSV_Handler                           0x080005c3   Thumb Code     2  stm32f4xx_it.o(i.PendSV_Handler)
    RCC_AHB1PeriphClockCmd                   0x080005c5   Thumb Code    26  stm32f4xx_rcc.o(i.RCC_AHB1PeriphClockCmd)
    SVC_Handler                              0x080005e5   Thumb Code     2  stm32f4xx_it.o(i.SVC_Handler)
    SysTick_Handler                          0x080006d5   Thumb Code     8  stm32f4xx_it.o(i.SysTick_Handler)
    SystemInit                               0x080006dd   Thumb Code    88  system_stm32f4xx.o(i.SystemInit)
    TimingDelay_Decrement                    0x08000745   Thumb Code    18  stm32f4xx_it.o(i.TimingDelay_Decrement)
    UsageFault_Handler                       0x0800075d   Thumb Code     4  stm32f4xx_it.o(i.UsageFault_Handler)
    createLedClass                           0x08000761   Thumb Code    34  led.o(i.createLedClass)
    createLedClassWithArgs                   0x0800078d   Thumb Code    22  led.o(i.createLedClassWithArgs)
    delay_ms                                 0x080007a3   Thumb Code    56  delay.o(i.delay_ms)
    led_gpio_init                            0x080007dd   Thumb Code    62  main.o(i.led_gpio_init)
    led_out_gpio                             0x08000825   Thumb Code   100  main.o(i.led_out_gpio)
    led_set_level                            0x08000891   Thumb Code    38  led.o(i.led_set_level)
    led_set_level_arr                        0x080008b7   Thumb Code    36  led.o(i.led_set_level_arr)
    main                                     0x080008db   Thumb Code   100  main.o(i.main)
    _fp_init                                 0x0800093f   Thumb Code    10  fpinit.o(x$fpl$fpinit)
    __fplib_config_fpu_vfp                   0x08000947   Thumb Code     0  fpinit.o(x$fpl$fpinit)
    __fplib_config_pureend_doubles           0x08000947   Thumb Code     0  fpinit.o(x$fpl$fpinit)
    Region$$Table$$Base                      0x08000948   Number         0  anon$$obj.o(Region$$Table)
    Region$$Table$$Limit                     0x08000968   Number         0  anon$$obj.o(Region$$Table)
    __libspace_start                         0x20000004   Data          96  libspace.o(.bss)
    __temporary_stack_top$libspace           0x20000064   Data           0  libspace.o(.bss)



==============================================================================

Memory Map of the image

  Image Entry point : 0x08000189

  Load Region LR_IROM1 (Base: 0x08000000, Size: 0x0000096c, Max: 0x00080000, ABSOLUTE)

    Execution Region ER_IROM1 (Exec base: 0x08000000, Load base: 0x08000000, Size: 0x00000968, Max: 0x00080000, ABSOLUTE)

    Exec Addr    Load Addr    Size         Type   Attr      Idx    E Section Name        Object

    0x08000000   0x08000000   0x00000188   Data   RO            3    RESET               startup_stm32f40_41xxx.o
    0x08000188   0x08000188   0x00000008   Code   RO         8262  * !!!main             c_w.l(__main.o)
    0x08000190   0x08000190   0x00000034   Code   RO         8473    !!!scatter          c_w.l(__scatter.o)
    0x080001c4   0x080001c4   0x0000001a   Code   RO         8475    !!handler_copy      c_w.l(__scatter_copy.o)
    0x080001de   0x080001de   0x00000002   PAD
    0x080001e0   0x080001e0   0x0000001c   Code   RO         8477    !!handler_zi        c_w.l(__scatter_zi.o)
    0x080001fc   0x080001fc   0x00000002   Code   RO         8410    .ARM.Collect$$libinit$$00000000  c_w.l(libinit.o)
    0x080001fe   0x080001fe   0x00000004   Code   RO         8302    .ARM.Collect$$libinit$$00000001  c_w.l(libinit2.o)
    0x08000202   0x08000202   0x00000000   Code   RO         8305    .ARM.Collect$$libinit$$00000004  c_w.l(libinit2.o)
    0x08000202   0x08000202   0x00000008   Code   RO         8306    .ARM.Collect$$libinit$$00000005  c_w.l(libinit2.o)
    0x0800020a   0x0800020a   0x00000000   Code   RO         8308    .ARM.Collect$$libinit$$0000000A  c_w.l(libinit2.o)
    0x0800020a   0x0800020a   0x00000000   Code   RO         8310    .ARM.Collect$$libinit$$0000000C  c_w.l(libinit2.o)
    0x0800020a   0x0800020a   0x00000000   Code   RO         8312    .ARM.Collect$$libinit$$0000000E  c_w.l(libinit2.o)
    0x0800020a   0x0800020a   0x00000000   Code   RO         8315    .ARM.Collect$$libinit$$00000011  c_w.l(libinit2.o)
    0x0800020a   0x0800020a   0x00000000   Code   RO         8317    .ARM.Collect$$libinit$$00000013  c_w.l(libinit2.o)
    0x0800020a   0x0800020a   0x00000000   Code   RO         8319    .ARM.Collect$$libinit$$00000015  c_w.l(libinit2.o)
    0x0800020a   0x0800020a   0x00000000   Code   RO         8321    .ARM.Collect$$libinit$$00000017  c_w.l(libinit2.o)
    0x0800020a   0x0800020a   0x00000000   Code   RO         8323    .ARM.Collect$$libinit$$00000019  c_w.l(libinit2.o)
    0x0800020a   0x0800020a   0x00000000   Code   RO         8325    .ARM.Collect$$libinit$$0000001B  c_w.l(libinit2.o)
    0x0800020a   0x0800020a   0x00000000   Code   RO         8327    .ARM.Collect$$libinit$$0000001D  c_w.l(libinit2.o)
    0x0800020a   0x0800020a   0x00000000   Code   RO         8329    .ARM.Collect$$libinit$$0000001F  c_w.l(libinit2.o)
    0x0800020a   0x0800020a   0x00000000   Code   RO         8331    .ARM.Collect$$libinit$$00000021  c_w.l(libinit2.o)
    0x0800020a   0x0800020a   0x00000000   Code   RO         8333    .ARM.Collect$$libinit$$00000023  c_w.l(libinit2.o)
    0x0800020a   0x0800020a   0x00000000   Code   RO         8335    .ARM.Collect$$libinit$$00000025  c_w.l(libinit2.o)
    0x0800020a   0x0800020a   0x00000000   Code   RO         8339    .ARM.Collect$$libinit$$0000002C  c_w.l(libinit2.o)
    0x0800020a   0x0800020a   0x00000000   Code   RO         8341    .ARM.Collect$$libinit$$0000002E  c_w.l(libinit2.o)
    0x0800020a   0x0800020a   0x00000000   Code   RO         8343    .ARM.Collect$$libinit$$00000030  c_w.l(libinit2.o)
    0x0800020a   0x0800020a   0x00000000   Code   RO         8345    .ARM.Collect$$libinit$$00000032  c_w.l(libinit2.o)
    0x0800020a   0x0800020a   0x00000002   Code   RO         8346    .ARM.Collect$$libinit$$00000033  c_w.l(libinit2.o)
    0x0800020c   0x0800020c   0x00000002   Code   RO         8470    .ARM.Collect$$libshutdown$$00000000  c_w.l(libshutdown.o)
    0x0800020e   0x0800020e   0x00000000   Code   RO         8424    .ARM.Collect$$libshutdown$$00000002  c_w.l(libshutdown2.o)
    0x0800020e   0x0800020e   0x00000000   Code   RO         8426    .ARM.Collect$$libshutdown$$00000004  c_w.l(libshutdown2.o)
    0x0800020e   0x0800020e   0x00000000   Code   RO         8428    .ARM.Collect$$libshutdown$$00000006  c_w.l(libshutdown2.o)
    0x0800020e   0x0800020e   0x00000000   Code   RO         8431    .ARM.Collect$$libshutdown$$00000009  c_w.l(libshutdown2.o)
    0x0800020e   0x0800020e   0x00000000   Code   RO         8434    .ARM.Collect$$libshutdown$$0000000C  c_w.l(libshutdown2.o)
    0x0800020e   0x0800020e   0x00000000   Code   RO         8436    .ARM.Collect$$libshutdown$$0000000E  c_w.l(libshutdown2.o)
    0x0800020e   0x0800020e   0x00000000   Code   RO         8439    .ARM.Collect$$libshutdown$$00000011  c_w.l(libshutdown2.o)
    0x0800020e   0x0800020e   0x00000002   Code   RO         8440    .ARM.Collect$$libshutdown$$00000012  c_w.l(libshutdown2.o)
    0x08000210   0x08000210   0x00000000   Code   RO         8266    .ARM.Collect$$rtentry$$00000000  c_w.l(__rtentry.o)
    0x08000210   0x08000210   0x00000000   Code   RO         8353    .ARM.Collect$$rtentry$$00000002  c_w.l(__rtentry2.o)
    0x08000210   0x08000210   0x00000006   Code   RO         8365    .ARM.Collect$$rtentry$$00000004  c_w.l(__rtentry4.o)
    0x08000216   0x08000216   0x00000000   Code   RO         8355    .ARM.Collect$$rtentry$$00000009  c_w.l(__rtentry2.o)
    0x08000216   0x08000216   0x00000004   Code   RO         8356    .ARM.Collect$$rtentry$$0000000A  c_w.l(__rtentry2.o)
    0x0800021a   0x0800021a   0x00000000   Code   RO         8358    .ARM.Collect$$rtentry$$0000000C  c_w.l(__rtentry2.o)
    0x0800021a   0x0800021a   0x00000008   Code   RO         8359    .ARM.Collect$$rtentry$$0000000D  c_w.l(__rtentry2.o)
    0x08000222   0x08000222   0x00000002   Code   RO         8413    .ARM.Collect$$rtexit$$00000000  c_w.l(rtexit.o)
    0x08000224   0x08000224   0x00000000   Code   RO         8444    .ARM.Collect$$rtexit$$00000002  c_w.l(rtexit2.o)
    0x08000224   0x08000224   0x00000004   Code   RO         8445    .ARM.Collect$$rtexit$$00000003  c_w.l(rtexit2.o)
    0x08000228   0x08000228   0x00000006   Code   RO         8446    .ARM.Collect$$rtexit$$00000004  c_w.l(rtexit2.o)
    0x0800022e   0x0800022e   0x00000002   PAD
    0x08000230   0x08000230   0x00000000   Code   RO         8369    .emb_text           c_w.l(maybetermalloc1.o)
    0x08000230   0x08000230   0x00000040   Code   RO            4    .text               startup_stm32f40_41xxx.o
    0x08000270   0x08000270   0x0000005e   Code   RO         8202    .text               c_w.l(h1_alloc.o)
    0x080002ce   0x080002ce   0x00000006   Code   RO         8260    .text               c_w.l(heapauxi.o)
    0x080002d4   0x080002d4   0x00000008   Code   RO         8270    .text               c_w.l(rt_heap_descriptor_intlibspace.o)
    0x080002dc   0x080002dc   0x00000004   Code   RO         8272    .text               c_w.l(hguard.o)
    0x080002e0   0x080002e0   0x0000008a   Code   RO         8274    .text               c_w.l(init_alloc.o)
    0x0800036a   0x0800036a   0x0000000e   Code   RO         8280    .text               c_w.l(h1_init.o)
    0x08000378   0x08000378   0x0000004e   Code   RO         8282    .text               c_w.l(h1_free.o)
    0x080003c6   0x080003c6   0x00000002   PAD
    0x080003c8   0x080003c8   0x00000008   Code   RO         8349    .text               c_w.l(libspace.o)
    0x080003d0   0x080003d0   0x00000034   Code   RO         8371    .text               c_w.l(h1_extend.o)
    0x08000404   0x08000404   0x0000000e   Code   RO         8375    .text               c_w.l(defsig_rtmem_outer.o)
    0x08000412   0x08000412   0x00000002   Code   RO         8386    .text               c_w.l(use_no_semi.o)
    0x08000414   0x08000414   0x00000000   Code   RO         8388    .text               c_w.l(indicate_semi.o)
    0x08000414   0x08000414   0x0000004a   Code   RO         8389    .text               c_w.l(sys_stackheap_outer.o)
    0x0800045e   0x0800045e   0x00000012   Code   RO         8395    .text               c_w.l(exit.o)
    0x08000470   0x08000470   0x0000000a   Code   RO         8397    .text               c_w.l(defsig_exit.o)
    0x0800047a   0x0800047a   0x00000002   PAD
    0x0800047c   0x0800047c   0x00000050   Code   RO         8399    .text               c_w.l(defsig_rtmem_inner.o)
    0x080004cc   0x080004cc   0x0000000c   Code   RO         8411    .text               c_w.l(sys_exit.o)
    0x080004d8   0x080004d8   0x00000032   Code   RO         8421    .text               c_w.l(defsig_general.o)
    0x0800050a   0x0800050a   0x0000000e   Code   RO         8441    .text               c_w.l(sys_wrch.o)
    0x08000518   0x08000518   0x00000004   Code   RO         5215    i.BusFault_Handler  stm32f4xx_it.o
    0x0800051c   0x0800051c   0x00000002   Code   RO         5216    i.DebugMon_Handler  stm32f4xx_it.o
    0x0800051e   0x0800051e   0x00000090   Code   RO         1993    i.GPIO_Init         stm32f4xx_gpio.o
    0x080005ae   0x080005ae   0x00000006   Code   RO         2000    i.GPIO_ResetBits    stm32f4xx_gpio.o
    0x080005b4   0x080005b4   0x00000004   Code   RO         2001    i.GPIO_SetBits      stm32f4xx_gpio.o
    0x080005b8   0x080005b8   0x00000004   Code   RO         5217    i.HardFault_Handler  stm32f4xx_it.o
    0x080005bc   0x080005bc   0x00000004   Code   RO         5218    i.MemManage_Handler  stm32f4xx_it.o
    0x080005c0   0x080005c0   0x00000002   Code   RO         5219    i.NMI_Handler       stm32f4xx_it.o
    0x080005c2   0x080005c2   0x00000002   Code   RO         5220    i.PendSV_Handler    stm32f4xx_it.o
    0x080005c4   0x080005c4   0x00000020   Code   RO         2919    i.RCC_AHB1PeriphClockCmd  stm32f4xx_rcc.o
    0x080005e4   0x080005e4   0x00000002   Code   RO         5221    i.SVC_Handler       stm32f4xx_it.o
    0x080005e6   0x080005e6   0x00000002   PAD
    0x080005e8   0x080005e8   0x000000ec   Code   RO         5298    i.SetSysClock       system_stm32f4xx.o
    0x080006d4   0x080006d4   0x00000008   Code   RO         5222    i.SysTick_Handler   stm32f4xx_it.o
    0x080006dc   0x080006dc   0x00000068   Code   RO         5300    i.SystemInit        system_stm32f4xx.o
    0x08000744   0x08000744   0x00000018   Code   RO         5223    i.TimingDelay_Decrement  stm32f4xx_it.o
    0x0800075c   0x0800075c   0x00000004   Code   RO         5224    i.UsageFault_Handler  stm32f4xx_it.o
    0x08000760   0x08000760   0x0000002c   Code   RO         8120    i.createLedClass    led.o
    0x0800078c   0x0800078c   0x00000016   Code   RO         8121    i.createLedClassWithArgs  led.o
    0x080007a2   0x080007a2   0x00000038   Code   RO         5339    i.delay_ms          delay.o
    0x080007da   0x080007da   0x00000002   PAD
    0x080007dc   0x080007dc   0x00000048   Code   RO         5123    i.led_gpio_init     main.o
    0x08000824   0x08000824   0x0000006c   Code   RO         5124    i.led_out_gpio      main.o
    0x08000890   0x08000890   0x00000026   Code   RO         8122    i.led_set_level     led.o
    0x080008b6   0x080008b6   0x00000024   Code   RO         8123    i.led_set_level_arr  led.o
    0x080008da   0x080008da   0x00000064   Code   RO         5125    i.main              main.o
    0x0800093e   0x0800093e   0x0000000a   Code   RO         8384    x$fpl$fpinit        fz_wm.l(fpinit.o)
    0x08000948   0x08000948   0x00000020   Data   RO         8471    Region$$Table       anon$$obj.o


    Execution Region RW_IRAM2 (Exec base: 0x10000000, Load base: 0x0800096c, Size: 0x00000000, Max: 0x00010000, ABSOLUTE)

    **** No section assigned to this execution region ****


    Execution Region RW_IRAM1 (Exec base: 0x20000000, Load base: 0x08000968, Size: 0x00000668, Max: 0x00020000, ABSOLUTE)

    Exec Addr    Load Addr    Size         Type   Attr      Idx    E Section Name        Object

    0x20000000   0x08000968   0x00000004   Data   RW         5225    .data               stm32f4xx_it.o
    0x20000004        -       0x00000060   Zero   RW         8350    .bss                c_w.l(libspace.o)
    0x20000064   0x0800096c   0x00000004   PAD
    0x20000068        -       0x00000200   Zero   RW            2    HEAP                startup_stm32f40_41xxx.o
    0x20000268        -       0x00000400   Zero   RW            1    STACK               startup_stm32f40_41xxx.o


==============================================================================

Image component sizes


      Code (inc. data)   RO Data    RW Data    ZI Data      Debug   Object Name

        56          0          0          0          0        555   delay.o
       140         10          0          0          0       3418   led.o
       280         18          0          0          0       2726   main.o
         0          0          0          0          0     248284   misc.o
        64         26        392          0       1536        876   startup_stm32f40_41xxx.o
       154          0          0          0          0       2212   stm32f4xx_gpio.o
        56          6          0          4          0       5318   stm32f4xx_it.o
        32          6          0          0          0        593   stm32f4xx_rcc.o
       340         32          0          0          0       1557   system_stm32f4xx.o

    ----------------------------------------------------------------------
      1126         98        424          4       1536     265539   Object Totals
         0          0         32          0          0          0   (incl. Generated)
         4          0          0          0          0          0   (incl. Padding)

    ----------------------------------------------------------------------

      Code (inc. data)   RO Data    RW Data    ZI Data      Debug   Library Member Name

         8          0          0          0          0         68   __main.o
         0          0          0          0          0          0   __rtentry.o
        12          0          0          0          0          0   __rtentry2.o
         6          0          0          0          0          0   __rtentry4.o
        52          8          0          0          0          0   __scatter.o
        26          0          0          0          0          0   __scatter_copy.o
        28          0          0          0          0          0   __scatter_zi.o
        10          0          0          0          0         68   defsig_exit.o
        50          0          0          0          0         88   defsig_general.o
        80         58          0          0          0         76   defsig_rtmem_inner.o
        14          0          0          0          0         80   defsig_rtmem_outer.o
        18          0          0          0          0         80   exit.o
        94          0          0          0          0         80   h1_alloc.o
        52          0          0          0          0         68   h1_extend.o
        78          0          0          0          0         80   h1_free.o
        14          0          0          0          0         84   h1_init.o
         6          0          0          0          0        152   heapauxi.o
         4          0          0          0          0        136   hguard.o
         0          0          0          0          0          0   indicate_semi.o
       138          0          0          0          0        168   init_alloc.o
         2          0          0          0          0          0   libinit.o
        14          0          0          0          0          0   libinit2.o
         2          0          0          0          0          0   libshutdown.o
         2          0          0          0          0          0   libshutdown2.o
         8          4          0          0         96         68   libspace.o
         0          0          0          0          0          0   maybetermalloc1.o
         8          4          0          0          0         68   rt_heap_descriptor_intlibspace.o
         2          0          0          0          0          0   rtexit.o
        10          0          0          0          0          0   rtexit2.o
        12          4          0          0          0         68   sys_exit.o
        74          0          0          0          0         80   sys_stackheap_outer.o
        14          0          0          0          0         76   sys_wrch.o
         2          0          0          0          0         68   use_no_semi.o
        10          0          0          0          0        116   fpinit.o

    ----------------------------------------------------------------------
       858         78          0          0        100       1772   Library Totals
         8          0          0          0          4          0   (incl. Padding)

    ----------------------------------------------------------------------

      Code (inc. data)   RO Data    RW Data    ZI Data      Debug   Library Name

       840         78          0          0         96       1656   c_w.l
        10          0          0          0          0        116   fz_wm.l

    ----------------------------------------------------------------------
       858         78          0          0        100       1772   Library Totals

    ----------------------------------------------------------------------

==============================================================================


      Code (inc. data)   RO Data    RW Data    ZI Data      Debug   

      1984        176        424          4       1636     264579   Grand Totals
      1984        176        424          4       1636     264579   ELF Image Totals
      1984        176        424          4          0          0   ROM Totals

==============================================================================

    Total RO  Size (Code + RO Data)                 2408 (   2.35kB)
    Total RW  Size (RW Data + ZI Data)              1640 (   1.60kB)
    Total ROM Size (Code + RO Data + RW Data)       2412 (   2.36kB)

==============================================================================

